ARM Linker, 4.1 [Build 481] [Professional]

==============================================================================

Section Cross References

    startup_stm32f10x_hd.o(STACK) refers (Special) to heapauxi.o(.text) for __use_two_region_memory
    startup_stm32f10x_hd.o(HEAP) refers (Special) to heapauxi.o(.text) for __use_two_region_memory
    startup_stm32f10x_hd.o(RESET) refers (Special) to heapauxi.o(.text) for __use_two_region_memory
    startup_stm32f10x_hd.o(RESET) refers to startup_stm32f10x_hd.o(STACK) for __initial_sp
    startup_stm32f10x_hd.o(RESET) refers to startup_stm32f10x_hd.o(.text) for Reset_Handler
    startup_stm32f10x_hd.o(RESET) refers to bsp_usart1.o(.text) for USART1_IRQHandler
    startup_stm32f10x_hd.o(.text) refers (Special) to heapauxi.o(.text) for __use_two_region_memory
    startup_stm32f10x_hd.o(.text) refers to __main.o(!!!main) for __main
    startup_stm32f10x_hd.o(.text) refers to startup_stm32f10x_hd.o(HEAP) for Heap_Mem
    startup_stm32f10x_hd.o(.text) refers to startup_stm32f10x_hd.o(STACK) for Stack_Mem
    main.o(.text) refers to system_stm32f10x.o(.text) for SystemInit
    main.o(.text) refers to bsp_systick.o(.text) for delay_init
    main.o(.text) refers to bsp_usart1.o(.text) for uart_init
    main.o(.text) refers to vshell.o(.text) for main_loop
    bsp_flash.o(.text) refers to bsp_systick.o(.text) for delay_us
    bsp_flash.o(.text) refers to bsp_flash.o(.bss) for FLASH_BUF
    bsp_systick.o(.text) refers to bsp_systick.o(.data) for fac_us
    bsp_usart1.o(.text) refers (Special) to use_no_semi_2.o(.text) for __use_no_semihosting
    bsp_usart1.o(.text) refers to fflt_clz.o(x$fpl$ffltu) for __aeabi_ui2f
    bsp_usart1.o(.text) refers to fdiv.o(x$fpl$fdiv) for __aeabi_fdiv
    bsp_usart1.o(.text) refers to ffixu.o(x$fpl$ffixu) for __aeabi_f2uiz
    bsp_usart1.o(.text) refers to faddsub_clz.o(x$fpl$frsb) for __aeabi_frsub
    bsp_usart1.o(.text) refers to fmul.o(x$fpl$fmul) for __aeabi_fmul
    bsp_usart1.o(.data) refers (Special) to use_no_semi_2.o(.text) for __use_no_semihosting
    iap.o(.text) refers to bsp_flash.o(.text) for FLASH_Write
    iap.o(.text) refers to system_stm32f10x.o(.emb_text) for MSR_MSP
    iap.o(.text) refers to noretval__2printf.o(.text) for __2printf
    iap.o(.text) refers to iap.o(.bss) for t_buf
    xmodem.o(.text) refers to xmodem_io.o(.text) for Xmodem_SendOneByte
    xmodem.o(.text) refers to iap.o(.text) for IAP_Write_Bin
    xmodem.o(.text) refers to xmodem.o(.constdata) for CTR_C
    xmodem.o(.text) refers to xmodem.o(.data) for XmodemState
    xmodem.o(.text) refers to xmodem.o(.bss) for Xmodem_cache
    xmodem_io.o(.text) refers to xmodem_bsp.o(.text) for uart_send
    xmodem_bsp.o(.text) refers to bsp_systick.o(.text) for delay_us
    vshell.o(.text) refers to _printf_pad.o(.text) for _printf_pre_padding
    vshell.o(.text) refers to _printf_percent.o(.ARM.Collect$$_printf_percent$$00000000) for _printf_percent
    vshell.o(.text) refers to _printf_d.o(.ARM.Collect$$_printf_percent$$00000009) for _printf_d
    vshell.o(.text) refers to _printf_dec.o(.text) for _printf_int_dec
    vshell.o(.text) refers to strcasecmp.o(.text) for strcasecmp
    vshell.o(.text) refers to noretval__2printf.o(.text) for __2printf
    vshell.o(.text) refers to bsp.o(.text) for tstc
    vshell.o(.text) refers to vshell_io.o(.text) for vshell_gets
    vshell.o(.text) refers to iap.o(.text) for IAP_Load
    vshell.o(.text) refers to vshell_list.o(.constdata) for cmd_tbl_c
    vshell.o(.text) refers to vshell.o(.data) for cmd_tbl_p
    vshell.o(.text) refers to vshell.o(.bss) for recieve_tcb
    vshell_io.o(.text) refers to bsp.o(.text) for vshell_putc
    bsp.o(.text) refers to bsp_systick.o(.text) for delay_ms
    vshell_list.o(.constdata) refers to vshell_list.o(.conststring) for .conststring
    vshell_list.o(.constdata) refers to cmd_help.o(.text) for do_help
    vshell_list.o(.constdata) refers to cmd_version.o(.text) for do_version
    vshell_list.o(.constdata) refers to cmd_xmodem.o(.text) for do_xmodem
    vshell_list.o(.constdata) refers to cmd_boot.o(.text) for do_boot
    cmd_help.o(.text) refers to _printf_percent.o(.ARM.Collect$$_printf_percent$$00000000) for _printf_percent
    cmd_help.o(.text) refers to _printf_s.o(.ARM.Collect$$_printf_percent$$00000014) for _printf_s
    cmd_help.o(.text) refers to _printf_str.o(.text) for _printf_str
    cmd_help.o(.text) refers to noretval__2printf.o(.text) for __2printf
    cmd_help.o(.text) refers to strcasecmp.o(.text) for strcasecmp
    cmd_version.o(.text) refers to _printf_percent.o(.ARM.Collect$$_printf_percent$$00000000) for _printf_percent
    cmd_version.o(.text) refers to _printf_d.o(.ARM.Collect$$_printf_percent$$00000009) for _printf_d
    cmd_version.o(.text) refers to _printf_dec.o(.text) for _printf_int_dec
    cmd_version.o(.text) refers to noretval__2printf.o(.text) for __2printf
[...]
    rtexit2.o(.ARM.exidx) refers to rtexit2.o(.ARM.Collect$$rtexit$$00000002) for .ARM.Collect$$rtexit$$00000002
    rtexit2.o(.ARM.exidx) refers to rtexit2.o(.ARM.Collect$$rtexit$$00000003) for .ARM.Collect$$rtexit$$00000003
    rtexit2.o(.ARM.exidx) refers to rtexit2.o(.ARM.Collect$$rtexit$$00000004) for .ARM.Collect$$rtexit$$00000004
    rt_fp_status_addr.o(.text) refers to rt_fp_status_addr.o(.bss) for __rt_fp_status_addr_data
    rt_fp_status_addr_intlibspace.o(.text) refers to libspace.o(.bss) for __libspace_start
    argv_veneer.o(.emb_text) refers to no_argv.o(.text) for __ARM_get_argv
    _get_argv_nomalloc.o(.text) refers (Special) to hrguard.o(.text) for __heap_region$guard
    _get_argv_nomalloc.o(.text) refers to defsig_rtmem_outer.o(.text) for __rt_SIGRTMEM
    _get_argv_nomalloc.o(.text) refers to sys_command.o(.text) for _sys_command_string
    libshutdown.o(.ARM.Collect$$libshutdown$$00000000) refers (Special) to libshutdown2.o(.ARM.Collect$$libshutdown$$00000006) for __rt_lib_shutdown_fp_trap_1
    libshutdown.o(.ARM.Collect$$libshutdown$$00000000) refers (Special) to libshutdown2.o(.ARM.Collect$$libshutdown$$0000000E) for __rt_lib_shutdown_heap_1
    libshutdown.o(.ARM.Collect$$libshutdown$$00000000) refers (Special) to libshutdown2.o(.ARM.Collect$$libshutdown$$0000000F) for __rt_lib_shutdown_return
    libshutdown.o(.ARM.Collect$$libshutdown$$00000000) refers (Special) to libshutdown2.o(.ARM.Collect$$libshutdown$$00000009) for __rt_lib_shutdown_signal_1
    libshutdown.o(.ARM.Collect$$libshutdown$$00000000) refers (Special) to libshutdown2.o(.ARM.Collect$$libshutdown$$00000003) for __rt_lib_shutdown_stdio_1
    libshutdown.o(.ARM.Collect$$libshutdown$$00000000) refers (Special) to libshutdown2.o(.ARM.Collect$$libshutdown$$0000000B) for __rt_lib_shutdown_user_alloc_1
    sys_command.o(.text) refers (Special) to use_no_semi.o(.text) for __I$use$semihosting
    defsig_rtmem_outer.o(.text) refers to defsig_rtmem_inner.o(.text) for __rt_SIGRTMEM_inner
    defsig_rtmem_outer.o(.text) refers to defsig_exit.o(.text) for __sig_exit
    defsig_rtmem_formal.o(.text) refers to rt_raise.o(.text) for __rt_raise
    rt_raise.o(.text) refers to __raise.o(.text) for __raise
    rt_raise.o(.text) refers to bsp_usart1.o(.text) for _sys_exit
    defsig_exit.o(.text) refers to bsp_usart1.o(.text) for _sys_exit
    defsig_rtmem_inner.o(.text) refers to defsig_general.o(.text) for __default_signal_display
    __raise.o(.text) refers to defsig.o(CL$$defsig) for __default_signal_handler
    defsig_general.o(.text) refers to bsp_usart1.o(.text) for _ttywrch
    defsig.o(CL$$defsig) refers to defsig_rtmem_inner.o(.text) for __rt_SIGRTMEM_inner
    defsig_abrt_inner.o(.text) refers to defsig_general.o(.text) for __default_signal_display
    defsig_fpe_inner.o(.text) refers to defsig_general.o(.text) for __default_signal_display
    defsig_rtred_inner.o(.text) refers to defsig_general.o(.text) for __default_signal_display
    defsig_stak_inner.o(.text) refers to defsig_general.o(.text) for __default_signal_display
    defsig_pvfn_inner.o(.text) refers to defsig_general.o(.text) for __default_signal_display
    defsig_cppl_inner.o(.text) refers to defsig_general.o(.text) for __default_signal_display
    defsig_segv_inner.o(.text) refers to defsig_general.o(.text) for __default_signal_display
    defsig_other.o(.text) refers to defsig_general.o(.text) for __default_signal_display


==============================================================================

Removing Unused input sections from the image.

    Removing core_cm3.o(.emb_text), (32 bytes).
    Removing iap.o(.data), (4 bytes).

2 unused section(s) (total 36 bytes) removed from the image.

==============================================================================

Image Symbol Table

    Local Symbols

    Symbol Name                              Value     Ov Type        Size  Object(Section)

    ../../angel/boardlib.s                   0x00000000   Number         0  boardinit1.o ABSOLUTE
    ../../angel/boardlib.s                   0x00000000   Number         0  boardinit2.o ABSOLUTE
    ../../angel/boardlib.s                   0x00000000   Number         0  boardinit3.o ABSOLUTE
    ../../angel/boardlib.s                   0x00000000   Number         0  boardshut.o ABSOLUTE
    ../../angel/handlers.s                   0x00000000   Number         0  __scatter_copy.o ABSOLUTE
    ../../angel/handlers.s                   0x00000000   Number         0  __scatter_zi.o ABSOLUTE
    ../../angel/kernel.s                     0x00000000   Number         0  rtentry4.o ABSOLUTE
    ../../angel/kernel.s                     0x00000000   Number         0  rtentry2.o ABSOLUTE
    ../../angel/kernel.s                     0x00000000   Number         0  rtexit2.o ABSOLUTE
    ../../angel/kernel.s                     0x00000000   Number         0  rtexit.o ABSOLUTE
    ../../angel/kernel.s                     0x00000000   Number         0  rtentry.o ABSOLUTE
    ../../angel/rt.s                         0x00000000   Number         0  rt_fp_status_addr_intlibspace.o ABSOLUTE
    ../../angel/rt.s                         0x00000000   Number         0  rt_ctype_table.o ABSOLUTE
    ../../angel/rt.s                         0x00000000   Number         0  rt_fp_status_addr.o ABSOLUTE
    ../../angel/rt.s                         0x00000000   Number         0  rt_errno_addr_intlibspace.o ABSOLUTE
    ../../angel/rt.s                         0x00000000   Number         0  rt_locale.o ABSOLUTE
    ../../angel/rt.s                         0x00000000   Number         0  rt_locale_intlibspace.o ABSOLUTE
    ../../angel/rt.s                         0x00000000   Number         0  rt_raise.o ABSOLUTE
    ../../angel/rt.s                         0x00000000   Number         0  rt_errno_addr.o ABSOLUTE
    ../../angel/scatter.s                    0x00000000   Number         0  __scatter.o ABSOLUTE
    ../../angel/startup.s                    0x00000000   Number         0  __main.o ABSOLUTE
    ../../angel/sys.s                        0x00000000   Number         0  libspace.o ABSOLUTE
    ../../angel/sys.s                        0x00000000   Number         0  sys_stackheap_outer.o ABSOLUTE
    ../../angel/sys.s                        0x00000000   Number         0  use_no_semi.o ABSOLUTE
    ../../angel/sys.s                        0x00000000   Number         0  use_no_semi_2.o ABSOLUTE
    ../../angel/sysapp.c                     0x00000000   Number         0  sys_command.o ABSOLUTE
    ../../armsys.c                           0x00000000   Number         0  argv_veneer.o ABSOLUTE
    ../../armsys.c                           0x00000000   Number         0  _get_argv_nomalloc.o ABSOLUTE
    ../../armsys.c                           0x00000000   Number         0  no_argv.o ABSOLUTE
    ../../armsys.c                           0x00000000   Number         0  argv_veneer.o ABSOLUTE
    ../../ctype.c                            0x00000000   Number         0  tolower.o ABSOLUTE
    ../../daddsub.s                          0x00000000   Number         0  daddsub_clz.o ABSOLUTE
    ../../dcheck1.s                          0x00000000   Number         0  dcheck1.o ABSOLUTE
    ../../dcmpi.s                            0x00000000   Number         0  dcmpi.o ABSOLUTE
    ../../ddiv.s                             0x00000000   Number         0  ddiv.o ABSOLUTE
    ../../dfixu.s                            0x00000000   Number         0  dfixu.o ABSOLUTE
    ../../dflt.s                             0x00000000   Number         0  dflt_clz.o ABSOLUTE
    ../../division_7m.s                      0x00000000   Number         0  rtudiv10.o ABSOLUTE
    ../../dleqf.s                            0x00000000   Number         0  dleqf.o ABSOLUTE
    ../../dmul.s                             0x00000000   Number         0  dmul.o ABSOLUTE
    ../../dnaninf.s                          0x00000000   Number         0  dnaninf.o ABSOLUTE
    ../../dretinf.s                          0x00000000   Number         0  dretinf.o ABSOLUTE
    ../../drleqf.s                           0x00000000   Number         0  drleqf.o ABSOLUTE
    ../../dsqrt.s                            0x00000000   Number         0  dsqrt_noumaal.o ABSOLUTE
    ../../dunder.c                           0x00000000   Number         0  dunder.o ABSOLUTE
    ../../faddsub.s                          0x00000000   Number         0  faddsub_clz.o ABSOLUTE
    ../../fdiv.s                             0x00000000   Number         0  fdiv.o ABSOLUTE
    ../../fenv.c                             0x00000000   Number         0  _rserrno.o ABSOLUTE
    ../../ffixu.s                            0x00000000   Number         0  ffixu.o ABSOLUTE
    ../../fflt.s                             0x00000000   Number         0  fflt_clz.o ABSOLUTE
    ../../fmul.s                             0x00000000   Number         0  fmul.o ABSOLUTE
    ../../fnaninf.s                          0x00000000   Number         0  fnaninf.o ABSOLUTE
    ../../fpclassify.c                       0x00000000   Number         0  fpclassify.o ABSOLUTE
    ../../fpinit.s                           0x00000000   Number         0  fpinit.o ABSOLUTE
    ../../fretinf.s                          0x00000000   Number         0  fretinf.o ABSOLUTE
    ../../heapalloc.c                        0x00000000   Number         0  hrguard.o ABSOLUTE
    ../../heapaux.c                          0x00000000   Number         0  heapauxi.o ABSOLUTE
    ../../libinit.s                          0x00000000   Number         0  libinit2.o ABSOLUTE
    ../../libinit.s                          0x00000000   Number         0  libinit.o ABSOLUTE
    ../../libinit.s                          0x00000000   Number         0  libshutdown2.o ABSOLUTE
    ../../libinit.s                          0x00000000   Number         0  libshutdown.o ABSOLUTE
    ../../locale.s                           0x00000000   Number         0  lc_ctype_c.o ABSOLUTE
    ../../memcpset.s                         0x00000000   Number         0  strcmpv7m.o ABSOLUTE
    ../../misc.s                             0x00000000   Number         0  printf_stubs.o ABSOLUTE
    ../../poly.c                             0x00000000   Number         0  poly.o ABSOLUTE
    ../../pow.c                              0x00000000   Number         0  pow.o ABSOLUTE
    ../../pow.c                              0x00000000   Number         0  pow_x.o ABSOLUTE
    ../../printf.c                           0x00000000   Number         0  _printf_pad.o ABSOLUTE
    ../../printf.c                           0x00000000   Number         0  _printf_str.o ABSOLUTE
    ../../printf.c                           0x00000000   Number         0  _printf_dec.o ABSOLUTE
    ../../printf.c                           0x00000000   Number         0  __printf_flags.o ABSOLUTE
    ../../printf.c                           0x00000000   Number         0  __printf_ss.o ABSOLUTE
    ../../printf.c                           0x00000000   Number         0  __printf_wp.o ABSOLUTE
    ../../printf.c                           0x00000000   Number         0  __printf_flags_wp.o ABSOLUTE
    ../../printf.c                           0x00000000   Number         0  __printf_flags_ss_wp.o ABSOLUTE
    ../../printf.c                           0x00000000   Number         0  __printf_nopercent.o ABSOLUTE
    ../../printf.c                           0x00000000   Number         0  __printf_flags_ss.o ABSOLUTE
    ../../printf.c                           0x00000000   Number         0  _printf_intcommon.o ABSOLUTE
    ../../printf.c                           0x00000000   Number         0  _printf_char.o ABSOLUTE
    ../../printf.c                           0x00000000   Number         0  _printf_char_file.o ABSOLUTE
    ../../printf.c                           0x00000000   Number         0  __2printf.o ABSOLUTE
    ../../printf.c                           0x00000000   Number         0  __printf_ss_wp.o ABSOLUTE
    ../../printf.c                           0x00000000   Number         0  _printf_char_common.o ABSOLUTE
    ../../printf.c                           0x00000000   Number         0  noretval__2printf.o ABSOLUTE
    ../../printf.c                           0x00000000   Number         0  __printf.o ABSOLUTE
    ../../printf_percent.s                   0x00000000   Number         0  _printf_percent.o ABSOLUTE
    ../../printf_percent.s                   0x00000000   Number         0  _printf_percent_end.o ABSOLUTE
    ../../printf_percent.s                   0x00000000   Number         0  _printf_s.o ABSOLUTE
    ../../printf_percent.s                   0x00000000   Number         0  _printf_d.o ABSOLUTE
    ../../qnan.c                             0x00000000   Number         0  qnan.o ABSOLUTE
    ../../retnan.s                           0x00000000   Number         0  retnan.o ABSOLUTE
    ../../scalbn.s                           0x00000000   Number         0  scalbn.o ABSOLUTE
    ../../signal.c                           0x00000000   Number         0  defsig_segv_inner.o ABSOLUTE
    ../../signal.c                           0x00000000   Number         0  defsig_abrt_inner.o ABSOLUTE
    ../../signal.c                           0x00000000   Number         0  defsig_rtred_inner.o ABSOLUTE
    ../../signal.c                           0x00000000   Number         0  defsig_rtmem_formal.o ABSOLUTE
    ../../signal.c                           0x00000000   Number         0  defsig_stak_inner.o ABSOLUTE
    ../../signal.c                           0x00000000   Number         0  defsig_exit.o ABSOLUTE
    ../../signal.c                           0x00000000   Number         0  defsig_pvfn_inner.o ABSOLUTE
    ../../signal.c                           0x00000000   Number         0  defsig_cppl_inner.o ABSOLUTE
    ../../signal.c                           0x00000000   Number         0  defsig_general.o ABSOLUTE
    ../../signal.c                           0x00000000   Number         0  defsig_other.o ABSOLUTE
    ../../signal.c                           0x00000000   Number         0  __raise.o ABSOLUTE
    ../../signal.c                           0x00000000   Number         0  defsig_rtmem_inner.o ABSOLUTE
    ../../signal.c                           0x00000000   Number         0  defsig_fpe_inner.o ABSOLUTE
    ../../signal.c                           0x00000000   Number         0  defsig_rtmem_outer.o ABSOLUTE
    ../../signal.s                           0x00000000   Number         0  defsig.o ABSOLUTE
    ../../sqrt.c                             0x00000000   Number         0  sqrt_x.o ABSOLUTE
    ../../sqrt.c                             0x00000000   Number         0  sqrt.o ABSOLUTE
    ../../stdio.c                            0x00000000   Number         0  ferror_locked.o ABSOLUTE
    ../../stdio.c                            0x00000000   Number         0  ferror.o ABSOLUTE
    ../../stdlib.c                           0x00000000   Number         0  exit.o ABSOLUTE
    ../../string.c                           0x00000000   Number         0  strcasecmp.o ABSOLUTE
    ../../string.c                           0x00000000   Number         0  strspn.o ABSOLUTE
    ../../string.c                           0x00000000   Number         0  strlen.o ABSOLUTE
    ../../trapv.s                            0x00000000   Number         0  trapv.o ABSOLUTE
    ../../usenofp.s                          0x00000000   Number         0  usenofp.o ABSOLUTE
    ..\Driver\bsp_flash.c                    0x00000000   Number         0  bsp_flash.o ABSOLUTE
    ..\Driver\bsp_systick.c                  0x00000000   Number         0  bsp_systick.o ABSOLUTE
    ..\Driver\bsp_usart1.c                   0x00000000   Number         0  bsp_usart1.o ABSOLUTE
    ..\IAP\iap.c                             0x00000000   Number         0  iap.o ABSOLUTE
    ..\System\core_cm3.c                     0x00000000   Number         0  core_cm3.o ABSOLUTE
    ..\System\startup_stm32f10x_hd.s         0x00000000   Number         0  startup_stm32f10x_hd.o ABSOLUTE
    ..\System\system_stm32f10x.c             0x00000000   Number         0  system_stm32f10x.o ABSOLUTE
    ..\User\main.c                           0x00000000   Number         0  main.o ABSOLUTE
    ..\Xmodem\bsp\Xmodem_bsp.c               0x00000000   Number         0  xmodem_bsp.o ABSOLUTE
    ..\Xmodem\bsp\Xmodem_io.c                0x00000000   Number         0  xmodem_io.o ABSOLUTE
    ..\Xmodem\src\Xmodem.c                   0x00000000   Number         0  xmodem.o ABSOLUTE
    ..\\System\\core_cm3.c                   0x00000000   Number         0  core_cm3.o ABSOLUTE
    ..\\System\\system_stm32f10x.c           0x00000000   Number         0  system_stm32f10x.o ABSOLUTE
    ..\vshell\bsp\bsp.c                      0x00000000   Number         0  bsp.o ABSOLUTE
    ..\vshell\src\command\cmd_boot.c         0x00000000   Number         0  cmd_boot.o ABSOLUTE
    ..\vshell\src\command\cmd_help.c         0x00000000   Number         0  cmd_help.o ABSOLUTE
    ..\vshell\src\command\cmd_version.c      0x00000000   Number         0  cmd_version.o ABSOLUTE
    ..\vshell\src\command\cmd_xmodem.c       0x00000000   Number         0  cmd_xmodem.o ABSOLUTE
    ..\vshell\src\vshell.c                   0x00000000   Number         0  vshell.o ABSOLUTE
    ..\vshell\src\vshell_io.c                0x00000000   Number         0  vshell_io.o ABSOLUTE
    ..\vshell\src\vshell_list.c              0x00000000   Number         0  vshell_list.o ABSOLUTE
    dc.s                                     0x00000000   Number         0  dc.o ABSOLUTE
    RESET                                    0x08000000   Section      304  startup_stm32f10x_hd.o(RESET)
    !!!main                                  0x08000130   Section        8  __main.o(!!!main)
    !!!scatter                               0x08000138   Section       52  __scatter.o(!!!scatter)
    !!handler_copy                           0x0800016c   Section       26  __scatter_copy.o(!!handler_copy)
    !!handler_zi                             0x08000188   Section       28  __scatter_zi.o(!!handler_zi)
    .ARM.Collect$$_printf_percent$$00000000  0x080001a4   Section        0  _printf_percent.o(.ARM.Collect$$_printf_percent$$00000000)
    .ARM.Collect$$_printf_percent$$00000009  0x080001a4   Section        6  _printf_d.o(.ARM.Collect$$_printf_percent$$00000009)
    .ARM.Collect$$_printf_percent$$00000014  0x080001aa   Section        6  _printf_s.o(.ARM.Collect$$_printf_percent$$00000014)
    .ARM.Collect$$_printf_percent$$00000017  0x080001b0   Section        4  _printf_percent_end.o(.ARM.Collect$$_printf_percent$$00000017)
    .ARM.Collect$$libinit$$00000000          0x080001b4   Section        6  libinit.o(.ARM.Collect$$libinit$$00000000)
    .ARM.Collect$$libinit$$00000006          0x080001ba   Section        0  libinit2.o(.ARM.Collect$$libinit$$00000006)
    .ARM.Collect$$libinit$$00000008          0x080001ba   Section        0  libinit2.o(.ARM.Collect$$libinit$$00000008)
    .ARM.Collect$$libinit$$0000000A          0x080001ba   Section        0  libinit2.o(.ARM.Collect$$libinit$$0000000A)
    .ARM.Collect$$libinit$$0000000B          0x080001ba   Section        6  libinit2.o(.ARM.Collect$$libinit$$0000000B)
    .ARM.Collect$$libinit$$0000000D          0x080001c0   Section        0  libinit2.o(.ARM.Collect$$libinit$$0000000D)
    .ARM.Collect$$libinit$$0000000E          0x080001c0   Section       12  libinit2.o(.ARM.Collect$$libinit$$0000000E)
    .ARM.Collect$$libinit$$0000000F          0x080001cc   Section        0  libinit2.o(.ARM.Collect$$libinit$$0000000F)
    .ARM.Collect$$libinit$$00000011          0x080001cc   Section        0  libinit2.o(.ARM.Collect$$libinit$$00000011)
    .ARM.Collect$$libinit$$00000013          0x080001cc   Section        0  libinit2.o(.ARM.Collect$$libinit$$00000013)
    .ARM.Collect$$libinit$$00000015          0x080001cc   Section        0  libinit2.o(.ARM.Collect$$libinit$$00000015)
    .ARM.Collect$$libinit$$00000017          0x080001cc   Section        0  libinit2.o(.ARM.Collect$$libinit$$00000017)
    .ARM.Collect$$libinit$$00000019          0x080001cc   Section        0  libinit2.o(.ARM.Collect$$libinit$$00000019)
    .ARM.Collect$$libinit$$0000001B          0x080001cc   Section        0  libinit2.o(.ARM.Collect$$libinit$$0000001B)
    .ARM.Collect$$libinit$$0000001D          0x080001cc   Section        0  libinit2.o(.ARM.Collect$$libinit$$0000001D)
    .ARM.Collect$$libinit$$0000001F          0x080001cc   Section        0  libinit2.o(.ARM.Collect$$libinit$$0000001F)
    .ARM.Collect$$libinit$$00000021          0x080001cc   Section        0  libinit2.o(.ARM.Collect$$libinit$$00000021)
    .ARM.Collect$$libinit$$00000028          0x080001cc   Section        0  libinit2.o(.ARM.Collect$$libinit$$00000028)
    .ARM.Collect$$libinit$$0000002A          0x080001cc   Section        0  libinit2.o(.ARM.Collect$$libinit$$0000002A)
    .ARM.Collect$$libinit$$0000002C          0x080001cc   Section        0  libinit2.o(.ARM.Collect$$libinit$$0000002C)
    .ARM.Collect$$libinit$$0000002E          0x080001cc   Section        0  libinit2.o(.ARM.Collect$$libinit$$0000002E)
    .ARM.Collect$$libinit$$0000002F          0x080001cc   Section        2  libinit2.o(.ARM.Collect$$libinit$$0000002F)
    .ARM.Collect$$libshutdown$$00000000      0x080001ce   Section        2  libshutdown.o(.ARM.Collect$$libshutdown$$00000000)
    .ARM.Collect$$libshutdown$$00000003      0x080001d0   Section        0  libshutdown2.o(.ARM.Collect$$libshutdown$$00000003)
    .ARM.Collect$$libshutdown$$00000006      0x080001d0   Section        0  libshutdown2.o(.ARM.Collect$$libshutdown$$00000006)
    .ARM.Collect$$libshutdown$$00000009      0x080001d0   Section        0  libshutdown2.o(.ARM.Collect$$libshutdown$$00000009)
    .ARM.Collect$$libshutdown$$0000000B      0x080001d0   Section        0  libshutdown2.o(.ARM.Collect$$libshutdown$$0000000B)
    .ARM.Collect$$libshutdown$$0000000E      0x080001d0   Section        0  libshutdown2.o(.ARM.Collect$$libshutdown$$0000000E)
    .ARM.Collect$$libshutdown$$0000000F      0x080001d0   Section        2  libshutdown2.o(.ARM.Collect$$libshutdown$$0000000F)
    .ARM.Collect$$rtentry$$00000000          0x080001d2   Section        0  rtentry.o(.ARM.Collect$$rtentry$$00000000)
    .ARM.Collect$$rtentry$$00000002          0x080001d2   Section        0  rtentry2.o(.ARM.Collect$$rtentry$$00000002)
    .ARM.Collect$$rtentry$$00000004          0x080001d2   Section        6  rtentry4.o(.ARM.Collect$$rtentry$$00000004)
    .ARM.Collect$$rtentry$$00000009          0x080001d8   Section        0  rtentry2.o(.ARM.Collect$$rtentry$$00000009)
    .ARM.Collect$$rtentry$$0000000A          0x080001d8   Section        4  rtentry2.o(.ARM.Collect$$rtentry$$0000000A)
    .ARM.Collect$$rtentry$$0000000C          0x080001dc   Section        0  rtentry2.o(.ARM.Collect$$rtentry$$0000000C)
    .ARM.Collect$$rtentry$$0000000D          0x080001dc   Section        8  rtentry2.o(.ARM.Collect$$rtentry$$0000000D)
    .ARM.Collect$$rtexit$$00000000           0x080001e4   Section        2  rtexit.o(.ARM.Collect$$rtexit$$00000000)
    .ARM.Collect$$rtexit$$00000002           0x080001e6   Section        0  rtexit2.o(.ARM.Collect$$rtexit$$00000002)
    .ARM.Collect$$rtexit$$00000003           0x080001e6   Section        4  rtexit2.o(.ARM.Collect$$rtexit$$00000003)
    .ARM.Collect$$rtexit$$00000004           0x080001ea   Section        6  rtexit2.o(.ARM.Collect$$rtexit$$00000004)
    .emb_text                                0x080001f0   Section       16  system_stm32f10x.o(.emb_text)
    .text                                    0x08000200   Section       56  startup_stm32f10x_hd.o(.text)
    .text                                    0x08000238   Section        0  system_stm32f10x.o(.text)
    .text                                    0x0800048c   Section        0  main.o(.text)
    .text                                    0x080004ac   Section        0  bsp_flash.o(.text)
    .text                                    0x0800078c   Section        0  bsp_systick.o(.text)
    .text                                    0x0800084c   Section        0  bsp_usart1.o(.text)
    .text                                    0x08000958   Section        0  iap.o(.text)
    .text                                    0x08000a40   Section        0  xmodem.o(.text)
    .text                                    0x08000cdc   Section        0  xmodem_io.o(.text)
    .text                                    0x08000d00   Section        0  xmodem_bsp.o(.text)
    .text                                    0x08000d5c   Section        0  vshell.o(.text)
    vshell_parse                             0x08000d5d   Thumb Code    60  vshell.o(.text)
    vshell_run                               0x08000d99   Thumb Code    96  vshell.o(.text)
    abortboot                                0x08000df9   Thumb Code    64  vshell.o(.text)
    .text                                    0x08000f48   Section        0  vshell_io.o(.text)
    .text                                    0x08000fe0   Section        0  bsp.o(.text)
    .text                                    0x0800103c   Section        0  cmd_help.o(.text)
    .text                                    0x080010d4   Section        0  cmd_version.o(.text)
    .text                                    0x08001110   Section        0  cmd_xmodem.o(.text)
    .text                                    0x08001340   Section        0  cmd_boot.o(.text)
    .text                                    0x080014f0   Section        2  use_no_semi_2.o(.text)
    .text                                    0x080014f4   Section        0  noretval__2printf.o(.text)
    .text                                    0x0800150c   Section        0  _printf_pad.o(.text)
    .text                                    0x0800155c   Section        0  _printf_str.o(.text)
    .text                                    0x080015b0   Section        0  _printf_dec.o(.text)
    .text                                    0x08001624   Section        0  __printf_wp.o(.text)
    .text                                    0x08001742   Section        0  strspn.o(.text)
    .text                                    0x0800175e   Section        0  strcasecmp.o(.text)
    .text                                    0x08001788   Section        0  strlen.o(.text)
    .text                                    0x080017c6   Section        0  heapauxi.o(.text)
    .text                                    0x080017cc   Section        2  use_no_semi.o(.text)
    .text                                    0x080017ce   Section        0  _rserrno.o(.text)
    .text                                    0x080017e4   Section        0  tolower.o(.text)
    .text                                    0x080017fe   Section        0  _printf_intcommon.o(.text)
    .text                                    0x080018b2   Section        0  _printf_char.o(.text)
    .text                                    0x080018e0   Section        0  _printf_char_file.o(.text)
    .text                                    0x08001904   Section       16  rtudiv10.o(.text)
    .text                                    0x08001914   Section       16  rt_ctype_table.o(.text)
    .text                                    0x08001924   Section       12  rt_errno_addr_intlibspace.o(.text)
    .text                                    0x08001930   Section        0  _printf_char_common.o(.text)
    _printf_input_char                       0x08001931   Thumb Code    10  _printf_char_common.o(.text)
    .text                                    0x08001960   Section        0  ferror.o(.text)
    .text                                    0x08001968   Section        8  libspace.o(.text)
    .text                                    0x08001970   Section       74  sys_stackheap_outer.o(.text)
    .text                                    0x080019bc   Section       12  rt_locale_intlibspace.o(.text)
    .text                                    0x080019c8   Section        0  exit.o(.text)
    .text                                    0x080019d4   Section      128  strcmpv7m.o(.text)
    .text                                    0x08001a54   Section       12  rt_fp_status_addr_intlibspace.o(.text)
    i.__ARM_fpclassify                       0x08001a60   Section        0  fpclassify.o(i.__ARM_fpclassify)
    i.__kernel_poly                          0x08001a88   Section        0  poly.o(i.__kernel_poly)
    i.__mathlib_dbl_underflow                0x08001b34   Section        0  dunder.o(i.__mathlib_dbl_underflow)
    i.pow                                    0x08001b44   Section        0  pow.o(i.pow)
    i.sqrt                                   0x0800251c   Section        0  sqrt.o(i.sqrt)
    locale$$code                             0x08002568   Section       44  lc_ctype_c.o(locale$$code)
    x$fpl$dadd                               0x08002594   Section      332  daddsub_clz.o(x$fpl$dadd)
    _dadd1                                   0x080025a5   Thumb Code     0  daddsub_clz.o(x$fpl$dadd)
    x$fpl$dcheck1                            0x080026e0   Section       16  dcheck1.o(x$fpl$dcheck1)
    x$fpl$dcmpinf                            0x080026f0   Section       24  dcmpi.o(x$fpl$dcmpinf)
    x$fpl$ddiv                               0x08002708   Section      688  ddiv.o(x$fpl$ddiv)
    ddiv_entry                               0x0800270f   Thumb Code     0  ddiv.o(x$fpl$ddiv)
    x$fpl$dfixu                              0x080029b8   Section       90  dfixu.o(x$fpl$dfixu)
    x$fpl$dflt                               0x08002a12   Section       46  dflt_clz.o(x$fpl$dflt)
    x$fpl$dfltu                              0x08002a40   Section       38  dflt_clz.o(x$fpl$dfltu)
    x$fpl$dleqf                              0x08002a68   Section      120  dleqf.o(x$fpl$dleqf)
    x$fpl$dmul                               0x08002ae0   Section      340  dmul.o(x$fpl$dmul)
    x$fpl$dnaninf                            0x08002c34   Section      156  dnaninf.o(x$fpl$dnaninf)
    x$fpl$dretinf                            0x08002cd0   Section       12  dretinf.o(x$fpl$dretinf)
    x$fpl$drleqf                             0x08002cdc   Section      108  drleqf.o(x$fpl$drleqf)
    x$fpl$drsb                               0x08002d48   Section       22  daddsub_clz.o(x$fpl$drsb)
    x$fpl$dsqrt                              0x08002d60   Section      460  dsqrt_noumaal.o(x$fpl$dsqrt)
    x$fpl$dsub                               0x08002f2c   Section      468  daddsub_clz.o(x$fpl$dsub)
    _dsub1                                   0x08002f3d   Thumb Code     0  daddsub_clz.o(x$fpl$dsub)
    x$fpl$fadd                               0x08003100   Section      196  faddsub_clz.o(x$fpl$fadd)
    _fadd1                                   0x0800310f   Thumb Code     0  faddsub_clz.o(x$fpl$fadd)
    x$fpl$fdiv                               0x080031c4   Section      388  fdiv.o(x$fpl$fdiv)
    _fdiv1                                   0x080031c5   Thumb Code     0  fdiv.o(x$fpl$fdiv)
    x$fpl$ffixu                              0x08003348   Section       62  ffixu.o(x$fpl$ffixu)
    x$fpl$ffltu                              0x08003388   Section       38  fflt_clz.o(x$fpl$ffltu)
    x$fpl$fmul                               0x080033b0   Section      258  fmul.o(x$fpl$fmul)
    x$fpl$fnaninf                            0x080034b2   Section      140  fnaninf.o(x$fpl$fnaninf)
    x$fpl$fpinit                             0x0800353e   Section       14  fpinit.o(x$fpl$fpinit)
    x$fpl$fretinf                            0x0800354c   Section       10  fretinf.o(x$fpl$fretinf)
    x$fpl$frsb                               0x08003556   Section       20  faddsub_clz.o(x$fpl$frsb)
    x$fpl$fsub                               0x0800356c   Section      234  faddsub_clz.o(x$fpl$fsub)
    _fsub1                                   0x0800357b   Thumb Code     0  faddsub_clz.o(x$fpl$fsub)
    x$fpl$retnan                             0x08003656   Section      100  retnan.o(x$fpl$retnan)
    x$fpl$scalbn                             0x080036ba   Section       96  scalbn.o(x$fpl$scalbn)
    x$fpl$trapveneer                         0x0800371a   Section       48  trapv.o(x$fpl$trapveneer)
    .constdata                               0x0800374a   Section       19  xmodem.o(.constdata)
    x$fpl$usenofp                            0x0800374a   Section        0  usenofp.o(x$fpl$usenofp)
    .constdata                               0x08003760   Section      168  vshell_list.o(.constdata)
    .constdata                               0x08003808   Section      136  pow.o(.constdata)
    bp                                       0x08003808   Data          16  pow.o(.constdata)
    dp_h                                     0x08003818   Data          16  pow.o(.constdata)
    dp_l                                     0x08003828   Data          16  pow.o(.constdata)
    L                                        0x08003838   Data          48  pow.o(.constdata)
    P                                        0x08003868   Data          40  pow.o(.constdata)
    .constdata                               0x08003890   Section        8  qnan.o(.constdata)
    .conststring                             0x08003898   Section      460  vshell_list.o(.conststring)
    locale$$data                             0x08003a84   Section      272  lc_ctype_c.o(locale$$data)
    __lcctype_c_name                         0x08003a88   Data           2  lc_ctype_c.o(locale$$data)
    __lcctype_c_start                        0x08003a90   Data           0  lc_ctype_c.o(locale$$data)
    __lcctype_c_end                          0x08003b94   Data           0  lc_ctype_c.o(locale$$data)
    .data                                    0x20000000   Section        4  bsp_systick.o(.data)
    fac_us                                   0x20000000   Data           1  bsp_systick.o(.data)
    fac_ms                                   0x20000002   Data           2  bsp_systick.o(.data)
    .data                                    0x20000004   Section        4  bsp_usart1.o(.data)
    .data                                    0x20000008   Section      140  xmodem.o(.data)
    .data                                    0x20000094   Section        4  vshell.o(.data)
    .bss                                     0x20000098   Section     2048  bsp_flash.o(.bss)
    .bss                                     0x20000898   Section     2048  iap.o(.bss)
    .bss                                     0x20001098   Section     2048  xmodem.o(.bss)
    .bss                                     0x20001898   Section      108  vshell.o(.bss)
    .bss                                     0x20001904   Section       96  libspace.o(.bss)
    HEAP                                     0x20001968   Section      512  startup_stm32f10x_hd.o(HEAP)
    Heap_Mem                                 0x20001968   Data         512  startup_stm32f10x_hd.o(HEAP)
    STACK                                    0x20001b68   Section     1024  startup_stm32f10x_hd.o(STACK)
    Stack_Mem                                0x20001b68   Data        1024  startup_stm32f10x_hd.o(STACK)
    __initial_sp                             0x20001f68   Data           0  startup_stm32f10x_hd.o(STACK)

    Global Symbols

    Symbol Name                              Value     Ov Type        Size  Object(Section)

    BuildAttributes$$THM_ISAv4$P$D$K$B$S$PE$A:L22UL41UL21$X:L11$S22US41US21$IEEE1$IW$USESV6$~STKCKD$USESV7$~SHL$OTIME$ROPI$IEEEX$EBA8$UX$STANDARDLIB$REQ8$PRES8$EABIv2 0x00000000   Number         0  anon$$obj.o ABSOLUTE
    __ARM_use_no_argv                        0x00000000   Number         0  main.o ABSOLUTE
    _printf_flags                            0x00000000   Number         0  printf_stubs.o ABSOLUTE
    _printf_return_value                     0x00000000   Number         0  printf_stubs.o ABSOLUTE
    _printf_sizespec                         0x00000000   Number         0  printf_stubs.o ABSOLUTE
    _printf_widthprec                        0x00000000   Number         0  printf_stubs.o ABSOLUTE
    __ARM_exceptions_init                     - Undefined Weak Reference
    __alloca_initialize                       - Undefined Weak Reference
    __cpp_initialize__aeabi_                  - Undefined Weak Reference
    __cxa_finalize                            - Undefined Weak Reference
    __fpl_infinity                            - Undefined Weak Reference
    __sigvec_lookup                           - Undefined Weak Reference
    _atexit_init                              - Undefined Weak Reference
    _call_atexit_fns                          - Undefined Weak Reference
    _clock_init                               - Undefined Weak Reference
    _fp_trap_init                             - Undefined Weak Reference
    _fp_trap_shutdown                         - Undefined Weak Reference
    _get_lc_collate                           - Undefined Weak Reference
    _get_lc_monetary                          - Undefined Weak Reference
    _get_lc_numeric                           - Undefined Weak Reference
    _get_lc_time                              - Undefined Weak Reference
    _getenv_init                              - Undefined Weak Reference
    _handle_redirection                       - Undefined Weak Reference
    _init_alloc                               - Undefined Weak Reference
    _init_user_alloc                          - Undefined Weak Reference
    _initio                                   - Undefined Weak Reference
    _mutex_acquire                            - Undefined Weak Reference
    _mutex_release                            - Undefined Weak Reference
    _printf_mbtowc                            - Undefined Weak Reference
    _printf_truncate_signed                   - Undefined Weak Reference
    _printf_truncate_unsigned                 - Undefined Weak Reference
    _rand_init                                - Undefined Weak Reference
    _signal_finish                            - Undefined Weak Reference
    _signal_init                              - Undefined Weak Reference
    _terminate_alloc                          - Undefined Weak Reference
    _terminate_user_alloc                     - Undefined Weak Reference
    _terminateio                              - Undefined Weak Reference
    __Vectors_Size                           0x00000130   Number         0  startup_stm32f10x_hd.o ABSOLUTE
    __Vectors                                0x08000000   Data           4  startup_stm32f10x_hd.o(RESET)
    __Vectors_End                            0x08000130   Data           0  startup_stm32f10x_hd.o(RESET)
    __main                                   0x08000131   Thumb Code     8  __main.o(!!!main)
    __scatterload                            0x08000139   Thumb Code     0  __scatter.o(!!!scatter)
    __scatterload_rt2                        0x08000139   Thumb Code    44  __scatter.o(!!!scatter)
    __scatterload_rt2_thumb_only             0x08000139   Thumb Code     0  __scatter.o(!!!scatter)
    __scatterload_null                       0x08000147   Thumb Code     0  __scatter.o(!!!scatter)
    __scatterload_copy                       0x0800016d   Thumb Code    26  __scatter_copy.o(!!handler_copy)
    __scatterload_zeroinit                   0x08000189   Thumb Code    28  __scatter_zi.o(!!handler_zi)
    _printf_d                                0x080001a5   Thumb Code     0  _printf_d.o(.ARM.Collect$$_printf_percent$$00000009)
    _printf_percent                          0x080001a5   Thumb Code     0  _printf_percent.o(.ARM.Collect$$_printf_percent$$00000000)
    _printf_s                                0x080001ab   Thumb Code     0  _printf_s.o(.ARM.Collect$$_printf_percent$$00000014)
    _printf_percent_end                      0x080001b1   Thumb Code     0  _printf_percent_end.o(.ARM.Collect$$_printf_percent$$00000017)
    __rt_lib_init                            0x080001b5   Thumb Code     0  libinit.o(.ARM.Collect$$libinit$$00000000)
    __rt_lib_init_heap_1                     0x080001bb   Thumb Code     0  libinit2.o(.ARM.Collect$$libinit$$00000006)
    __rt_lib_init_lc_common                  0x080001bb   Thumb Code     0  libinit2.o(.ARM.Collect$$libinit$$0000000B)
    __rt_lib_init_rand_1                     0x080001bb   Thumb Code     0  libinit2.o(.ARM.Collect$$libinit$$0000000A)
    __rt_lib_init_user_alloc_1               0x080001bb   Thumb Code     0  libinit2.o(.ARM.Collect$$libinit$$00000008)
    __rt_lib_init_lc_collate_1               0x080001c1   Thumb Code     0  libinit2.o(.ARM.Collect$$libinit$$0000000D)
    __rt_lib_init_lc_ctype_2                 0x080001c1   Thumb Code     0  libinit2.o(.ARM.Collect$$libinit$$0000000E)
    __rt_lib_init_alloca_1                   0x080001cd   Thumb Code     0  libinit2.o(.ARM.Collect$$libinit$$0000002A)
    __rt_lib_init_argv_1                     0x080001cd   Thumb Code     0  libinit2.o(.ARM.Collect$$libinit$$00000028)
    __rt_lib_init_atexit_1                   0x080001cd   Thumb Code     0  libinit2.o(.ARM.Collect$$libinit$$00000017)
    __rt_lib_init_clock_1                    0x080001cd   Thumb Code     0  libinit2.o(.ARM.Collect$$libinit$$0000001D)
    __rt_lib_init_cpp_1                      0x080001cd   Thumb Code     0  libinit2.o(.ARM.Collect$$libinit$$0000002E)
    __rt_lib_init_exceptions_1               0x080001cd   Thumb Code     0  libinit2.o(.ARM.Collect$$libinit$$0000002C)
    __rt_lib_init_fp_trap_1                  0x080001cd   Thumb Code     0  libinit2.o(.ARM.Collect$$libinit$$0000001B)
    __rt_lib_init_getenv_1                   0x080001cd   Thumb Code     0  libinit2.o(.ARM.Collect$$libinit$$0000001F)
    __rt_lib_init_lc_ctype_1                 0x080001cd   Thumb Code     0  libinit2.o(.ARM.Collect$$libinit$$0000000F)
    __rt_lib_init_lc_monetary_1              0x080001cd   Thumb Code     0  libinit2.o(.ARM.Collect$$libinit$$00000011)
    __rt_lib_init_lc_numeric_1               0x080001cd   Thumb Code     0  libinit2.o(.ARM.Collect$$libinit$$00000013)
    __rt_lib_init_lc_time_1                  0x080001cd   Thumb Code     0  libinit2.o(.ARM.Collect$$libinit$$00000015)
    __rt_lib_init_return                     0x080001cd   Thumb Code     0  libinit2.o(.ARM.Collect$$libinit$$0000002F)
    __rt_lib_init_signal_1                   0x080001cd   Thumb Code     0  libinit2.o(.ARM.Collect$$libinit$$00000019)
    __rt_lib_init_stdio_1                    0x080001cd   Thumb Code     0  libinit2.o(.ARM.Collect$$libinit$$00000021)
    __rt_lib_shutdown                        0x080001cf   Thumb Code     0  libshutdown.o(.ARM.Collect$$libshutdown$$00000000)
    __rt_lib_shutdown_fp_trap_1              0x080001d1   Thumb Code     0  libshutdown2.o(.ARM.Collect$$libshutdown$$00000006)
    __rt_lib_shutdown_heap_1                 0x080001d1   Thumb Code     0  libshutdown2.o(.ARM.Collect$$libshutdown$$0000000E)
    __rt_lib_shutdown_return                 0x080001d1   Thumb Code     0  libshutdown2.o(.ARM.Collect$$libshutdown$$0000000F)
    __rt_lib_shutdown_signal_1               0x080001d1   Thumb Code     0  libshutdown2.o(.ARM.Collect$$libshutdown$$00000009)
    __rt_lib_shutdown_stdio_1                0x080001d1   Thumb Code     0  libshutdown2.o(.ARM.Collect$$libshutdown$$00000003)
    __rt_lib_shutdown_user_alloc_1           0x080001d1   Thumb Code     0  libshutdown2.o(.ARM.Collect$$libshutdown$$0000000B)
    __rt_entry                               0x080001d3   Thumb Code     0  rtentry.o(.ARM.Collect$$rtentry$$00000000)
    __rt_entry_presh_1                       0x080001d3   Thumb Code     0  rtentry2.o(.ARM.Collect$$rtentry$$00000002)
    __rt_entry_sh                            0x080001d3   Thumb Code     0  rtentry4.o(.ARM.Collect$$rtentry$$00000004)
    __rt_entry_li                            0x080001d9   Thumb Code     0  rtentry2.o(.ARM.Collect$$rtentry$$0000000A)
    __rt_entry_postsh_1                      0x080001d9   Thumb Code     0  rtentry2.o(.ARM.Collect$$rtentry$$00000009)
    __rt_entry_main                          0x080001dd   Thumb Code     0  rtentry2.o(.ARM.Collect$$rtentry$$0000000D)
    __rt_entry_postli_1                      0x080001dd   Thumb Code     0  rtentry2.o(.ARM.Collect$$rtentry$$0000000C)
    __rt_exit                                0x080001e5   Thumb Code     0  rtexit.o(.ARM.Collect$$rtexit$$00000000)
    __rt_exit_ls                             0x080001e7   Thumb Code     0  rtexit2.o(.ARM.Collect$$rtexit$$00000003)
    __rt_exit_prels_1                        0x080001e7   Thumb Code     0  rtexit2.o(.ARM.Collect$$rtexit$$00000002)
    __rt_exit_exit                           0x080001eb   Thumb Code     0  rtexit2.o(.ARM.Collect$$rtexit$$00000004)
    WFI_SET                                  0x080001f1   Thumb Code     2  system_stm32f10x.o(.emb_text)
    INTX_DISABLE                             0x080001f3   Thumb Code     4  system_stm32f10x.o(.emb_text)
    INTX_ENABLE                              0x080001f7   Thumb Code     4  system_stm32f10x.o(.emb_text)
    MSR_MSP                                  0x080001fb   Thumb Code     6  system_stm32f10x.o(.emb_text)
    Reset_Handler                            0x08000201   Thumb Code     4  startup_stm32f10x_hd.o(.text)
    NMI_Handler                              0x08000205   Thumb Code     2  startup_stm32f10x_hd.o(.text)
    HardFault_Handler                        0x08000207   Thumb Code     2  startup_stm32f10x_hd.o(.text)
    MemManage_Handler                        0x08000209   Thumb Code     2  startup_stm32f10x_hd.o(.text)
    BusFault_Handler                         0x0800020b   Thumb Code     2  startup_stm32f10x_hd.o(.text)
    UsageFault_Handler                       0x0800020d   Thumb Code     2  startup_stm32f10x_hd.o(.text)
    SVC_Handler                              0x0800020f   Thumb Code     2  startup_stm32f10x_hd.o(.text)
    DebugMon_Handler                         0x08000211   Thumb Code     2  startup_stm32f10x_hd.o(.text)
    PendSV_Handler                           0x08000213   Thumb Code     2  startup_stm32f10x_hd.o(.text)
    SysTick_Handler                          0x08000215   Thumb Code     2  startup_stm32f10x_hd.o(.text)
    ADC1_2_IRQHandler                        0x08000217   Thumb Code     0  startup_stm32f10x_hd.o(.text)
    ADC3_IRQHandler                          0x08000217   Thumb Code     0  startup_stm32f10x_hd.o(.text)
    CAN1_RX1_IRQHandler                      0x08000217   Thumb Code     0  startup_stm32f10x_hd.o(.text)
    CAN1_SCE_IRQHandler                      0x08000217   Thumb Code     0  startup_stm32f10x_hd.o(.text)
    DMA1_Channel1_IRQHandler                 0x08000217   Thumb Code     0  startup_stm32f10x_hd.o(.text)
    DMA1_Channel2_IRQHandler                 0x08000217   Thumb Code     0  startup_stm32f10x_hd.o(.text)
    DMA1_Channel3_IRQHandler                 0x08000217   Thumb Code     0  startup_stm32f10x_hd.o(.text)
    DMA1_Channel4_IRQHandler                 0x08000217   Thumb Code     0  startup_stm32f10x_hd.o(.text)
    DMA1_Channel5_IRQHandler                 0x08000217   Thumb Code     0  startup_stm32f10x_hd.o(.text)
    DMA1_Channel6_IRQHandler                 0x08000217   Thumb Code     0  startup_stm32f10x_hd.o(.text)
    DMA1_Channel7_IRQHandler                 0x08000217   Thumb Code     0  startup_stm32f10x_hd.o(.text)
    DMA2_Channel1_IRQHandler                 0x08000217   Thumb Code     0  startup_stm32f10x_hd.o(.text)
    DMA2_Channel2_IRQHandler                 0x08000217   Thumb Code     0  startup_stm32f10x_hd.o(.text)
    DMA2_Channel3_IRQHandler                 0x08000217   Thumb Code     0  startup_stm32f10x_hd.o(.text)
    DMA2_Channel4_5_IRQHandler               0x08000217   Thumb Code     0  startup_stm32f10x_hd.o(.text)
    EXTI0_IRQHandler                         0x08000217   Thumb Code     0  startup_stm32f10x_hd.o(.text)
    EXTI15_10_IRQHandler                     0x08000217   Thumb Code     0  startup_stm32f10x_hd.o(.text)
    EXTI1_IRQHandler                         0x08000217   Thumb Code     0  startup_stm32f10x_hd.o(.text)
    EXTI2_IRQHandler                         0x08000217   Thumb Code     0  startup_stm32f10x_hd.o(.text)
    EXTI3_IRQHandler                         0x08000217   Thumb Code     0  startup_stm32f10x_hd.o(.text)
    EXTI4_IRQHandler                         0x08000217   Thumb Code     0  startup_stm32f10x_hd.o(.text)
    EXTI9_5_IRQHandler                       0x08000217   Thumb Code     0  startup_stm32f10x_hd.o(.text)
    FLASH_IRQHandler                         0x08000217   Thumb Code     0  startup_stm32f10x_hd.o(.text)
    FSMC_IRQHandler                          0x08000217   Thumb Code     0  startup_stm32f10x_hd.o(.text)
    I2C1_ER_IRQHandler                       0x08000217   Thumb Code     0  startup_stm32f10x_hd.o(.text)
    I2C1_EV_IRQHandler                       0x08000217   Thumb Code     0  startup_stm32f10x_hd.o(.text)
    I2C2_ER_IRQHandler                       0x08000217   Thumb Code     0  startup_stm32f10x_hd.o(.text)
    I2C2_EV_IRQHandler                       0x08000217   Thumb Code     0  startup_stm32f10x_hd.o(.text)
    PVD_IRQHandler                           0x08000217   Thumb Code     0  startup_stm32f10x_hd.o(.text)
    RCC_IRQHandler                           0x08000217   Thumb Code     0  startup_stm32f10x_hd.o(.text)
    RTCAlarm_IRQHandler                      0x08000217   Thumb Code     0  startup_stm32f10x_hd.o(.text)
    RTC_IRQHandler                           0x08000217   Thumb Code     0  startup_stm32f10x_hd.o(.text)
    SDIO_IRQHandler                          0x08000217   Thumb Code     0  startup_stm32f10x_hd.o(.text)
    SPI1_IRQHandler                          0x08000217   Thumb Code     0  startup_stm32f10x_hd.o(.text)
    SPI2_IRQHandler                          0x08000217   Thumb Code     0  startup_stm32f10x_hd.o(.text)
    SPI3_IRQHandler                          0x08000217   Thumb Code     0  startup_stm32f10x_hd.o(.text)
    TAMPER_IRQHandler                        0x08000217   Thumb Code     0  startup_stm32f10x_hd.o(.text)
    TIM1_BRK_IRQHandler                      0x08000217   Thumb Code     0  startup_stm32f10x_hd.o(.text)
    TIM1_CC_IRQHandler                       0x08000217   Thumb Code     0  startup_stm32f10x_hd.o(.text)
    TIM1_TRG_COM_IRQHandler                  0x08000217   Thumb Code     0  startup_stm32f10x_hd.o(.text)
    TIM1_UP_IRQHandler                       0x08000217   Thumb Code     0  startup_stm32f10x_hd.o(.text)
    TIM2_IRQHandler                          0x08000217   Thumb Code     0  startup_stm32f10x_hd.o(.text)
    TIM3_IRQHandler                          0x08000217   Thumb Code     0  startup_stm32f10x_hd.o(.text)
    TIM4_IRQHandler                          0x08000217   Thumb Code     0  startup_stm32f10x_hd.o(.text)
    TIM5_IRQHandler                          0x08000217   Thumb Code     0  startup_stm32f10x_hd.o(.text)
    TIM6_IRQHandler                          0x08000217   Thumb Code     0  startup_stm32f10x_hd.o(.text)
    TIM7_IRQHandler                          0x08000217   Thumb Code     0  startup_stm32f10x_hd.o(.text)
    TIM8_BRK_IRQHandler                      0x08000217   Thumb Code     0  startup_stm32f10x_hd.o(.text)
    TIM8_CC_IRQHandler                       0x08000217   Thumb Code     0  startup_stm32f10x_hd.o(.text)
    TIM8_TRG_COM_IRQHandler                  0x08000217   Thumb Code     0  startup_stm32f10x_hd.o(.text)
    TIM8_UP_IRQHandler                       0x08000217   Thumb Code     0  startup_stm32f10x_hd.o(.text)
    UART4_IRQHandler                         0x08000217   Thumb Code     0  startup_stm32f10x_hd.o(.text)
    UART5_IRQHandler                         0x08000217   Thumb Code     0  startup_stm32f10x_hd.o(.text)
    USART2_IRQHandler                        0x08000217   Thumb Code     0  startup_stm32f10x_hd.o(.text)
    USART3_IRQHandler                        0x08000217   Thumb Code     0  startup_stm32f10x_hd.o(.text)
    USBWakeUp_IRQHandler                     0x08000217   Thumb Code     0  startup_stm32f10x_hd.o(.text)
    USB_HP_CAN1_TX_IRQHandler                0x08000217   Thumb Code     0  startup_stm32f10x_hd.o(.text)
    USB_LP_CAN1_RX0_IRQHandler               0x08000217   Thumb Code     0  startup_stm32f10x_hd.o(.text)
    WWDG_IRQHandler                          0x08000217   Thumb Code     0  startup_stm32f10x_hd.o(.text)
    __user_initial_stackheap                 0x08000219   Thumb Code     0  startup_stm32f10x_hd.o(.text)
    NVIC_PriorityGroupConfig                 0x08000239   Thumb Code    10  system_stm32f10x.o(.text)
    NVIC_SetVectorTable                      0x08000243   Thumb Code    12  system_stm32f10x.o(.text)
    NVIC_Init                                0x0800024f   Thumb Code   128  system_stm32f10x.o(.text)
    EXTI_NVIC_Config                         0x080002cf   Thumb Code   154  system_stm32f10x.o(.text)
    SystemInit                               0x08000369   Thumb Code   198  system_stm32f10x.o(.text)
    JTAG_Set                                 0x0800042f   Thumb Code    38  system_stm32f10x.o(.text)
    main                                     0x0800048d   Thumb Code    30  main.o(.text)
    FALSH_Clear_LOCK                         0x080004ad   Thumb Code    14  bsp_flash.o(.text)
    FLASH_Wait_Unlock                        0x080004bb   Thumb Code    54  bsp_flash.o(.text)
    FLASH_LOCK                               0x080004f1   Thumb Code    14  bsp_flash.o(.text)
    FLASH_Status                             0x080004ff   Thumb Code    84  bsp_flash.o(.text)
    FLASH_Wait_EOP                           0x08000553   Thumb Code    42  bsp_flash.o(.text)
    FLASH_Page_Erase                         0x0800057d   Thumb Code    78  bsp_flash.o(.text)
    FLASH_Chip_Erase                         0x080005cb   Thumb Code    66  bsp_flash.o(.text)
    FLASH_HalfWord_Write                     0x0800060d   Thumb Code    58  bsp_flash.o(.text)
    FLASH_HalfWord_Read                      0x08000647   Thumb Code     6  bsp_flash.o(.text)
    FLASH_Read                               0x0800064d   Thumb Code    34  bsp_flash.o(.text)
    FLASH_Write_Called                       0x0800066f   Thumb Code    38  bsp_flash.o(.text)
    FLASH_Write                              0x08000695   Thumb Code   226  bsp_flash.o(.text)
    delay_init                               0x0800078d   Thumb Code    44  bsp_systick.o(.text)
    delay_us                                 0x080007b9   Thumb Code    70  bsp_systick.o(.text)
    delay_ms                                 0x080007ff   Thumb Code    70  bsp_systick.o(.text)
    _sys_exit                                0x0800084d   Thumb Code     6  bsp_usart1.o(.text)
    _ttywrch                                 0x08000853   Thumb Code     2  bsp_usart1.o(.text)
    fputc                                    0x08000855   Thumb Code    20  bsp_usart1.o(.text)
    USART1_IRQHandler                        0x08000869   Thumb Code    24  bsp_usart1.o(.text)
    uart_init                                0x08000881   Thumb Code   182  bsp_usart1.o(.text)
    IAP_Write_Bin                            0x08000959   Thumb Code    98  iap.o(.text)
    IAP_Program                              0x080009bb   Thumb Code    42  iap.o(.text)
    IAP_Load                                 0x080009e5   Thumb Code    58  iap.o(.text)
    MmodemCancel                             0x08000a41   Thumb Code    30  xmodem.o(.text)
    XmodemInit                               0x08000a5f   Thumb Code    28  xmodem.o(.text)
    XmodemSendPacket                         0x08000a7b   Thumb Code     6  xmodem.o(.text)
    XmodemRecievePacket                      0x08000a81   Thumb Code   592  xmodem.o(.text)
    Xmodem_BspInit                           0x08000cdd   Thumb Code     2  xmodem_io.o(.text)
    Xmodem_SendOneByte                       0x08000cdf   Thumb Code    12  xmodem_io.o(.text)
    Xmodem_RecieveByte                       0x08000ceb   Thumb Code    12  xmodem_io.o(.text)
    Xmodem_ClearRecieveCache                 0x08000cf7   Thumb Code     8  xmodem_io.o(.text)
    uart_send                                0x08000d01   Thumb Code    18  xmodem_bsp.o(.text)
    uart_recieve                             0x08000d13   Thumb Code    54  xmodem_bsp.o(.text)
    uart_ClearRecieve                        0x08000d49   Thumb Code     8  xmodem_bsp.o(.text)
    parse_file_outer                         0x08000e39   Thumb Code    56  vshell.o(.text)
    main_loop                                0x08000e71   Thumb Code    24  vshell.o(.text)
    vshell_putchar                           0x08000f49   Thumb Code    40  vshell_io.o(.text)
    vshell_getchar                           0x08000f71   Thumb Code    20  vshell_io.o(.text)
    vshell_puts                              0x08000f85   Thumb Code    30  vshell_io.o(.text)
    vshell_gets                              0x08000fa3   Thumb Code    60  vshell_io.o(.text)
    vshell_getc                              0x08000fe1   Thumb Code    20  bsp.o(.text)
    tstc                                     0x08000ff5   Thumb Code    46  bsp.o(.text)
    vshell_putc                              0x08001023   Thumb Code    18  bsp.o(.text)
    do_help                                  0x0800103d   Thumb Code    94  cmd_help.o(.text)
    do_version                               0x080010d5   Thumb Code    34  cmd_version.o(.text)
    do_xmodem                                0x08001111   Thumb Code   298  cmd_xmodem.o(.text)
    get_loadaddr                             0x08001341   Thumb Code   262  cmd_boot.o(.text)
    do_boot                                  0x08001447   Thumb Code    90  cmd_boot.o(.text)
    __use_no_semihosting                     0x080014f1   Thumb Code     2  use_no_semi_2.o(.text)
    __2printf                                0x080014f5   Thumb Code    20  noretval__2printf.o(.text)
    _printf_pre_padding                      0x0800150d   Thumb Code    44  _printf_pad.o(.text)
    _printf_post_padding                     0x08001539   Thumb Code    36  _printf_pad.o(.text)
    _printf_str                              0x0800155d   Thumb Code    82  _printf_str.o(.text)
    _printf_int_dec                          0x080015b1   Thumb Code    98  _printf_dec.o(.text)
    __printf                                 0x08001625   Thumb Code   286  __printf_wp.o(.text)
    strspn                                   0x08001743   Thumb Code    28  strspn.o(.text)
    strcasecmp                               0x0800175f   Thumb Code    42  strcasecmp.o(.text)
    strlen                                   0x08001789   Thumb Code    62  strlen.o(.text)
    __use_two_region_memory                  0x080017c7   Thumb Code     2  heapauxi.o(.text)
    __rt_heap_escrow$2region                 0x080017c9   Thumb Code     2  heapauxi.o(.text)
    __rt_heap_expand$2region                 0x080017cb   Thumb Code     2  heapauxi.o(.text)
    __I$use$semihosting                      0x080017cd   Thumb Code     0  use_no_semi.o(.text)
    __use_no_semihosting_swi                 0x080017cd   Thumb Code     2  use_no_semi.o(.text)
    __read_errno                             0x080017cf   Thumb Code    10  _rserrno.o(.text)
    __set_errno                              0x080017d9   Thumb Code    12  _rserrno.o(.text)
    tolower                                  0x080017e5   Thumb Code    26  tolower.o(.text)
    _printf_int_common                       0x080017ff   Thumb Code   180  _printf_intcommon.o(.text)
    _printf_cs_common                        0x080018b3   Thumb Code    20  _printf_char.o(.text)
    _printf_char                             0x080018c7   Thumb Code    16  _printf_char.o(.text)
    _printf_string                           0x080018d7   Thumb Code     8  _printf_char.o(.text)
    _printf_char_file                        0x080018e1   Thumb Code    32  _printf_char_file.o(.text)
    __rt_udiv10                              0x08001905   Thumb Code    16  rtudiv10.o(.text)
    __rt_ctype_table                         0x08001915   Thumb Code    16  rt_ctype_table.o(.text)
    __aeabi_errno_addr                       0x08001925   Thumb Code    12  rt_errno_addr_intlibspace.o(.text)
    __errno$intlibspace                      0x08001925   Thumb Code     0  rt_errno_addr_intlibspace.o(.text)
    __rt_errno_addr$intlibspace              0x08001925   Thumb Code     0  rt_errno_addr_intlibspace.o(.text)
    _printf_char_common                      0x0800193b   Thumb Code    32  _printf_char_common.o(.text)
    ferror                                   0x08001961   Thumb Code     8  ferror.o(.text)
    __user_libspace                          0x08001969   Thumb Code     8  libspace.o(.text)
    __user_perproc_libspace                  0x08001969   Thumb Code     0  libspace.o(.text)
    __user_perthread_libspace                0x08001969   Thumb Code     0  libspace.o(.text)
    __user_setup_stackheap                   0x08001971   Thumb Code    74  sys_stackheap_outer.o(.text)
    __rt_locale                              0x080019bd   Thumb Code    12  rt_locale_intlibspace.o(.text)
    exit                                     0x080019c9   Thumb Code    12  exit.o(.text)
    strcmp                                   0x080019d5   Thumb Code   128  strcmpv7m.o(.text)
    __rt_fp_status_addr                      0x08001a55   Thumb Code    12  rt_fp_status_addr_intlibspace.o(.text)
    __ARM_fpclassify                         0x08001a61   Thumb Code    40  fpclassify.o(i.__ARM_fpclassify)
    __kernel_poly                            0x08001a89   Thumb Code   170  poly.o(i.__kernel_poly)
    __mathlib_dbl_underflow                  0x08001b35   Thumb Code    10  dunder.o(i.__mathlib_dbl_underflow)
    pow                                      0x08001b45   Thumb Code  2510  pow.o(i.pow)
    sqrt                                     0x0800251d   Thumb Code    74  sqrt.o(i.sqrt)
    _get_lc_ctype                            0x08002569   Thumb Code    44  lc_ctype_c.o(locale$$code)
    __aeabi_dadd                             0x08002595   Thumb Code     0  daddsub_clz.o(x$fpl$dadd)
    _dadd                                    0x08002595   Thumb Code   328  daddsub_clz.o(x$fpl$dadd)
    __fpl_dcheck_NaN1                        0x080026e1   Thumb Code    10  dcheck1.o(x$fpl$dcheck1)
    __fpl_dcmp_Inf                           0x080026f1   Thumb Code    24  dcmpi.o(x$fpl$dcmpinf)
    __aeabi_ddiv                             0x08002709   Thumb Code     0  ddiv.o(x$fpl$ddiv)
    _ddiv                                    0x08002709   Thumb Code   552  ddiv.o(x$fpl$ddiv)
    __aeabi_d2uiz                            0x080029b9   Thumb Code     0  dfixu.o(x$fpl$dfixu)
    _dfixu                                   0x080029b9   Thumb Code    90  dfixu.o(x$fpl$dfixu)
    __aeabi_i2d                              0x08002a13   Thumb Code     0  dflt_clz.o(x$fpl$dflt)
    _dflt                                    0x08002a13   Thumb Code    46  dflt_clz.o(x$fpl$dflt)
    __aeabi_ui2d                             0x08002a41   Thumb Code     0  dflt_clz.o(x$fpl$dfltu)
    _dfltu                                   0x08002a41   Thumb Code    38  dflt_clz.o(x$fpl$dfltu)
    __aeabi_cdcmple                          0x08002a69   Thumb Code     0  dleqf.o(x$fpl$dleqf)
    _dcmple                                  0x08002a69   Thumb Code   120  dleqf.o(x$fpl$dleqf)
    __fpl_dcmple_InfNaN                      0x08002acb   Thumb Code     0  dleqf.o(x$fpl$dleqf)
    __aeabi_dmul                             0x08002ae1   Thumb Code     0  dmul.o(x$fpl$dmul)
    _dmul                                    0x08002ae1   Thumb Code   332  dmul.o(x$fpl$dmul)
    __fpl_dnaninf                            0x08002c35   Thumb Code   156  dnaninf.o(x$fpl$dnaninf)
    __fpl_dretinf                            0x08002cd1   Thumb Code    12  dretinf.o(x$fpl$dretinf)
    __aeabi_cdrcmple                         0x08002cdd   Thumb Code     0  drleqf.o(x$fpl$drleqf)
    _drcmple                                 0x08002cdd   Thumb Code   108  drleqf.o(x$fpl$drleqf)
    __aeabi_drsub                            0x08002d49   Thumb Code     0  daddsub_clz.o(x$fpl$drsb)
    _drsb                                    0x08002d49   Thumb Code    22  daddsub_clz.o(x$fpl$drsb)
    _dsqrt                                   0x08002d61   Thumb Code   456  dsqrt_noumaal.o(x$fpl$dsqrt)
    __aeabi_dsub                             0x08002f2d   Thumb Code     0  daddsub_clz.o(x$fpl$dsub)
    _dsub                                    0x08002f2d   Thumb Code   464  daddsub_clz.o(x$fpl$dsub)
    __aeabi_fadd                             0x08003101   Thumb Code     0  faddsub_clz.o(x$fpl$fadd)
    _fadd                                    0x08003101   Thumb Code   196  faddsub_clz.o(x$fpl$fadd)
    __aeabi_fdiv                             0x080031c5   Thumb Code     0  fdiv.o(x$fpl$fdiv)
    _fdiv                                    0x080031c5   Thumb Code   384  fdiv.o(x$fpl$fdiv)
    __aeabi_f2uiz                            0x08003349   Thumb Code     0  ffixu.o(x$fpl$ffixu)
    _ffixu                                   0x08003349   Thumb Code    62  ffixu.o(x$fpl$ffixu)
    __aeabi_ui2f                             0x08003389   Thumb Code     0  fflt_clz.o(x$fpl$ffltu)
    _ffltu                                   0x08003389   Thumb Code    38  fflt_clz.o(x$fpl$ffltu)
    __aeabi_fmul                             0x080033b1   Thumb Code     0  fmul.o(x$fpl$fmul)
    _fmul                                    0x080033b1   Thumb Code   258  fmul.o(x$fpl$fmul)
    __fpl_fnaninf                            0x080034b3   Thumb Code   140  fnaninf.o(x$fpl$fnaninf)
    _fp_init                                 0x0800353f   Thumb Code    14  fpinit.o(x$fpl$fpinit)
    __fplib_config_pureend_doubles           0x0800354b   Thumb Code     0  fpinit.o(x$fpl$fpinit)
    __fpl_fretinf                            0x0800354d   Thumb Code    10  fretinf.o(x$fpl$fretinf)
    __aeabi_frsub                            0x08003557   Thumb Code     0  faddsub_clz.o(x$fpl$frsb)
    _frsb                                    0x08003557   Thumb Code    20  faddsub_clz.o(x$fpl$frsb)
    __aeabi_fsub                             0x0800356d   Thumb Code     0  faddsub_clz.o(x$fpl$fsub)
    _fsub                                    0x0800356d   Thumb Code   234  faddsub_clz.o(x$fpl$fsub)
    __fpl_return_NaN                         0x08003657   Thumb Code   100  retnan.o(x$fpl$retnan)
    __ARM_scalbn                             0x080036bb   Thumb Code     0  scalbn.o(x$fpl$scalbn)
    scalbn                                   0x080036bb   Thumb Code    96  scalbn.o(x$fpl$scalbn)
    __fpl_inf_scalbn                         0x08003719   Thumb Code     0  scalbn.o(x$fpl$scalbn)
    __fpl_cmpreturn                          0x0800371b   Thumb Code    48  trapv.o(x$fpl$trapveneer)
    CTR_C                                    0x0800374a   Data          19  xmodem.o(.constdata)
    __I$use$fp                               0x0800374b   Thumb Code     0  usenofp.o(x$fpl$usenofp)
    cmd_tbl_c                                0x08003760   Data         168  vshell_list.o(.constdata)
    __mathlib_zero                           0x08003890   Data           8  qnan.o(.constdata)
    Region$$Table$$Base                      0x08003a64   Number         0  anon$$obj.o(Region$$Table)
    Region$$Table$$Limit                     0x08003a84   Number         0  anon$$obj.o(Region$$Table)
    __ctype                                  0x08003a91   Data           0  lc_ctype_c.o(locale$$data)
    __stdout                                 0x20000004   Data           4  bsp_usart1.o(.data)
    XmodemState                              0x20000008   Data         140  xmodem.o(.data)
    cmd_tbl_p                                0x20000094   Data           4  vshell.o(.data)
    FLASH_BUF                                0x20000098   Data        2048  bsp_flash.o(.bss)
    t_buf                                    0x20000898   Data        2048  iap.o(.bss)
    Xmodem_cache                             0x20001098   Data        2048  xmodem.o(.bss)
    recieve_tcb                              0x20001898   Data         108  vshell.o(.bss)
    __libspace_start                         0x20001904   Data          96  libspace.o(.bss)
    __temporary_stack_top$libspace           0x20001964   Data           0  libspace.o(.bss)



==============================================================================

Memory Map of the image

  Image Entry point : 0x08000131

  Load Region LR_IROM1 (Base: 0x08000000, Size: 0x00003c2c, Max: 0x00009000, ABSOLUTE)

    Execution Region ER_IROM1 (Base: 0x08000000, Size: 0x00003b94, Max: 0x00009000, ABSOLUTE)

    Base Addr    Size         Type   Attr      Idx    E Section Name        Object

    0x08000000   0x00000130   Data   RO           19    RESET               startup_stm32f10x_hd.o
    0x08000130   0x00000008   Code   RO          410  * !!!main             c_w.l(__main.o)(c_w.l)
    0x08000138   0x00000034   Code   RO          706    !!!scatter          c_w.l(__scatter.o)(c_w.l)
    0x0800016c   0x0000001a   Code   RO          708    !!handler_copy      c_w.l(__scatter_copy.o)(c_w.l)
    0x08000186   0x00000002   PAD
    0x08000188   0x0000001c   Code   RO          710    !!handler_zi        c_w.l(__scatter_zi.o)(c_w.l)
    0x080001a4   0x00000000   Code   RO          401    .ARM.Collect$$_printf_percent$$00000000  c_w.l(_printf_percent.o)(c_w.l)
    0x080001a4   0x00000006   Code   RO          400    .ARM.Collect$$_printf_percent$$00000009  c_w.l(_printf_d.o)(c_w.l)
    0x080001aa   0x00000006   Code   RO          399    .ARM.Collect$$_printf_percent$$00000014  c_w.l(_printf_s.o)(c_w.l)
    0x080001b0   0x00000004   Code   RO          476    .ARM.Collect$$_printf_percent$$00000017  c_w.l(_printf_percent_end.o)(c_w.l)
    0x080001b4   0x00000006   Code   RO          577    .ARM.Collect$$libinit$$00000000  c_w.l(libinit.o)(c_w.l)
    0x080001ba   0x00000000   Code   RO          588    .ARM.Collect$$libinit$$00000006  c_w.l(libinit2.o)(c_w.l)
    0x080001ba   0x00000000   Code   RO          590    .ARM.Collect$$libinit$$00000008  c_w.l(libinit2.o)(c_w.l)
    0x080001ba   0x00000000   Code   RO          592    .ARM.Collect$$libinit$$0000000A  c_w.l(libinit2.o)(c_w.l)
    0x080001ba   0x00000006   Code   RO          593    .ARM.Collect$$libinit$$0000000B  c_w.l(libinit2.o)(c_w.l)
    0x080001c0   0x00000000   Code   RO          595    .ARM.Collect$$libinit$$0000000D  c_w.l(libinit2.o)(c_w.l)
    0x080001c0   0x0000000c   Code   RO          596    .ARM.Collect$$libinit$$0000000E  c_w.l(libinit2.o)(c_w.l)
    0x080001cc   0x00000000   Code   RO          597    .ARM.Collect$$libinit$$0000000F  c_w.l(libinit2.o)(c_w.l)
    0x080001cc   0x00000000   Code   RO          599    .ARM.Collect$$libinit$$00000011  c_w.l(libinit2.o)(c_w.l)
    0x080001cc   0x00000000   Code   RO          601    .ARM.Collect$$libinit$$00000013  c_w.l(libinit2.o)(c_w.l)
    0x080001cc   0x00000000   Code   RO          603    .ARM.Collect$$libinit$$00000015  c_w.l(libinit2.o)(c_w.l)
    0x080001cc   0x00000000   Code   RO          605    .ARM.Collect$$libinit$$00000017  c_w.l(libinit2.o)(c_w.l)
    0x080001cc   0x00000000   Code   RO          607    .ARM.Collect$$libinit$$00000019  c_w.l(libinit2.o)(c_w.l)
    0x080001cc   0x00000000   Code   RO          609    .ARM.Collect$$libinit$$0000001B  c_w.l(libinit2.o)(c_w.l)
    0x080001cc   0x00000000   Code   RO          611    .ARM.Collect$$libinit$$0000001D  c_w.l(libinit2.o)(c_w.l)
    0x080001cc   0x00000000   Code   RO          613    .ARM.Collect$$libinit$$0000001F  c_w.l(libinit2.o)(c_w.l)
    0x080001cc   0x00000000   Code   RO          615    .ARM.Collect$$libinit$$00000021  c_w.l(libinit2.o)(c_w.l)
    0x080001cc   0x00000000   Code   RO          619    .ARM.Collect$$libinit$$00000028  c_w.l(libinit2.o)(c_w.l)
    0x080001cc   0x00000000   Code   RO          621    .ARM.Collect$$libinit$$0000002A  c_w.l(libinit2.o)(c_w.l)
    0x080001cc   0x00000000   Code   RO          623    .ARM.Collect$$libinit$$0000002C  c_w.l(libinit2.o)(c_w.l)
    0x080001cc   0x00000000   Code   RO          625    .ARM.Collect$$libinit$$0000002E  c_w.l(libinit2.o)(c_w.l)
    0x080001cc   0x00000002   Code   RO          626    .ARM.Collect$$libinit$$0000002F  c_w.l(libinit2.o)(c_w.l)
    0x080001ce   0x00000002   Code   RO          652    .ARM.Collect$$libshutdown$$00000000  c_w.l(libshutdown.o)(c_w.l)
    0x080001d0   0x00000000   Code   RO          663    .ARM.Collect$$libshutdown$$00000003  c_w.l(libshutdown2.o)(c_w.l)
    0x080001d0   0x00000000   Code   RO          666    .ARM.Collect$$libshutdown$$00000006  c_w.l(libshutdown2.o)(c_w.l)
    0x080001d0   0x00000000   Code   RO          669    .ARM.Collect$$libshutdown$$00000009  c_w.l(libshutdown2.o)(c_w.l)
    0x080001d0   0x00000000   Code   RO          671    .ARM.Collect$$libshutdown$$0000000B  c_w.l(libshutdown2.o)(c_w.l)
    0x080001d0   0x00000000   Code   RO          674    .ARM.Collect$$libshutdown$$0000000E  c_w.l(libshutdown2.o)(c_w.l)
    0x080001d0   0x00000002   Code   RO          675    .ARM.Collect$$libshutdown$$0000000F  c_w.l(libshutdown2.o)(c_w.l)
    0x080001d2   0x00000000   Code   RO          464    .ARM.Collect$$rtentry$$00000000  c_w.l(rtentry.o)(c_w.l)
    0x080001d2   0x00000000   Code   RO          518    .ARM.Collect$$rtentry$$00000002  c_w.l(rtentry2.o)(c_w.l)
    0x080001d2   0x00000006   Code   RO          533    .ARM.Collect$$rtentry$$00000004  c_w.l(rtentry4.o)(c_w.l)
    0x080001d8   0x00000000   Code   RO          520    .ARM.Collect$$rtentry$$00000009  c_w.l(rtentry2.o)(c_w.l)
    0x080001d8   0x00000004   Code   RO          521    .ARM.Collect$$rtentry$$0000000A  c_w.l(rtentry2.o)(c_w.l)
    0x080001dc   0x00000000   Code   RO          523    .ARM.Collect$$rtentry$$0000000C  c_w.l(rtentry2.o)(c_w.l)
    0x080001dc   0x00000008   Code   RO          524    .ARM.Collect$$rtentry$$0000000D  c_w.l(rtentry2.o)(c_w.l)
    0x080001e4   0x00000002   Code   RO          582    .ARM.Collect$$rtexit$$00000000  c_w.l(rtexit.o)(c_w.l)
    0x080001e6   0x00000000   Code   RO          632    .ARM.Collect$$rtexit$$00000002  c_w.l(rtexit2.o)(c_w.l)
    0x080001e6   0x00000004   Code   RO          633    .ARM.Collect$$rtexit$$00000003  c_w.l(rtexit2.o)(c_w.l)
    0x080001ea   0x00000006   Code   RO          634    .ARM.Collect$$rtexit$$00000004  c_w.l(rtexit2.o)(c_w.l)
    0x080001f0   0x00000010   Code   RO           24    .emb_text           system_stm32f10x.o
    0x08000200   0x00000038   Code   RO           20    .text               startup_stm32f10x_hd.o
    0x08000238   0x00000254   Code   RO           25    .text               system_stm32f10x.o
    0x0800048c   0x0000001e   Code   RO           50    .text               main.o
    0x080004aa   0x00000002   PAD
    0x080004ac   0x000002e0   Code   RO           90    .text               bsp_flash.o
    0x0800078c   0x000000c0   Code   RO          108    .text               bsp_systick.o
    0x0800084c   0x0000010c   Code   RO          122    .text               bsp_usart1.o
    0x08000958   0x000000e8   Code   RO          141    .text               iap.o
    0x08000a40   0x0000029c   Code   RO          157    .text               xmodem.o
    0x08000cdc   0x00000022   Code   RO          183    .text               xmodem_io.o
    0x08000cfe   0x00000002   PAD
    0x08000d00   0x0000005c   Code   RO          198    .text               xmodem_bsp.o
    0x08000d5c   0x000001ec   Code   RO          210    .text               vshell.o
    0x08000f48   0x00000096   Code   RO          239    .text               vshell_io.o
    0x08000fde   0x00000002   PAD
    0x08000fe0   0x0000005c   Code   RO          254    .text               bsp.o
    0x0800103c   0x00000098   Code   RO          300    .text               cmd_help.o
    0x080010d4   0x0000003c   Code   RO          312    .text               cmd_version.o
    0x08001110   0x00000230   Code   RO          324    .text               cmd_xmodem.o
    0x08001340   0x000001b0   Code   RO          346    .text               cmd_boot.o
    0x080014f0   0x00000002   Code   RO          367    .text               c_w.l(use_no_semi_2.o)(c_w.l)
    0x080014f2   0x00000002   PAD
    0x080014f4   0x00000018   Code   RO          371    .text               c_w.l(noretval__2printf.o)(c_w.l)
    0x0800150c   0x00000050   Code   RO          375    .text               c_w.l(_printf_pad.o)(c_w.l)
    0x0800155c   0x00000052   Code   RO          377    .text               c_w.l(_printf_str.o)(c_w.l)
    0x080015ae   0x00000002   PAD
    0x080015b0   0x00000074   Code   RO          379    .text               c_w.l(_printf_dec.o)(c_w.l)
    0x08001624   0x0000011e   Code   RO          389    .text               c_w.l(__printf_wp.o)(c_w.l)
    0x08001742   0x0000001c   Code   RO          402    .text               c_w.l(strspn.o)(c_w.l)
    0x0800175e   0x0000002a   Code   RO          404    .text               c_w.l(strcasecmp.o)(c_w.l)
    0x08001788   0x0000003e   Code   RO          406    .text               c_w.l(strlen.o)(c_w.l)
    0x080017c6   0x00000006   Code   RO          408    .text               c_w.l(heapauxi.o)(c_w.l)
    0x080017cc   0x00000002   Code   RO          462    .text               c_w.l(use_no_semi.o)(c_w.l)
    0x080017ce   0x00000016   Code   RO          466    .text               c_w.l(_rserrno.o)(c_w.l)
    0x080017e4   0x0000001a   Code   RO          468    .text               c_w.l(tolower.o)(c_w.l)
    0x080017fe   0x000000b4   Code   RO          470    .text               c_w.l(_printf_intcommon.o)(c_w.l)
    0x080018b2   0x0000002c   Code   RO          472    .text               c_w.l(_printf_char.o)(c_w.l)
    0x080018de   0x00000002   PAD
    0x080018e0   0x00000024   Code   RO          474    .text               c_w.l(_printf_char_file.o)(c_w.l)
    0x08001904   0x00000010   Code   RO          477    .text               c_w.l(rtudiv10.o)(c_w.l)
    0x08001914   0x00000010   Code   RO          535    .text               c_w.l(rt_ctype_table.o)(c_w.l)
    0x08001924   0x0000000c   Code   RO          540    .text               c_w.l(rt_errno_addr_intlibspace.o)(c_w.l)
    0x08001930   0x00000030   Code   RO          542    .text               c_w.l(_printf_char_common.o)(c_w.l)
    0x08001960   0x00000008   Code   RO          544    .text               c_w.l(ferror.o)(c_w.l)
    0x08001968   0x00000008   Code   RO          554    .text               c_w.l(libspace.o)(c_w.l)
    0x08001970   0x0000004a   Code   RO          557    .text               c_w.l(sys_stackheap_outer.o)(c_w.l)
    0x080019ba   0x00000002   PAD
    0x080019bc   0x0000000c   Code   RO          562    .text               c_w.l(rt_locale_intlibspace.o)(c_w.l)
    0x080019c8   0x0000000c   Code   RO          569    .text               c_w.l(exit.o)(c_w.l)
    0x080019d4   0x00000080   Code   RO          584    .text               c_w.l(strcmpv7m.o)(c_w.l)
    0x08001a54   0x0000000c   Code   RO          642    .text               c_w.l(rt_fp_status_addr_intlibspace.o)(c_w.l)
    0x08001a60   0x00000028   Code   RO          504    i.__ARM_fpclassify  m_ws.l(fpclassify.o)(m_ws.l)
    0x08001a88   0x000000aa   Code   RO          506    i.__kernel_poly     m_ws.l(poly.o)(m_ws.l)
    0x08001b32   0x00000002   PAD
    0x08001b34   0x00000010   Code   RO          502    i.__mathlib_dbl_underflow  m_ws.l(dunder.o)(m_ws.l)
    0x08001b44   0x000009d8   Code   RO          453    i.pow               m_ws.l(pow.o)(m_ws.l)
    0x0800251c   0x0000004a   Code   RO          510    i.sqrt              m_ws.l(sqrt.o)(m_ws.l)
    0x08002566   0x00000002   PAD
    0x08002568   0x0000002c   Code   RO          567    locale$$code        c_w.l(lc_ctype_c.o)(c_w.l)
    0x08002594   0x0000014c   Code   RO          412    x$fpl$dadd          fz_ws.l(daddsub_clz.o)(fz_ws.l)
    0x080026e0   0x00000010   Code   RO          548    x$fpl$dcheck1       fz_ws.l(dcheck1.o)(fz_ws.l)
    0x080026f0   0x00000018   Code   RO          578    x$fpl$dcmpinf       fz_ws.l(dcmpi.o)(fz_ws.l)
    0x08002708   0x000002b0   Code   RO          480    x$fpl$ddiv          fz_ws.l(ddiv.o)(fz_ws.l)
    0x080029b8   0x0000005a   Code   RO          418    x$fpl$dfixu         fz_ws.l(dfixu.o)(fz_ws.l)
    0x08002a12   0x0000002e   Code   RO          423    x$fpl$dflt          fz_ws.l(dflt_clz.o)(fz_ws.l)
    0x08002a40   0x00000026   Code   RO          422    x$fpl$dfltu         fz_ws.l(dflt_clz.o)(fz_ws.l)
    0x08002a66   0x00000002   PAD
    0x08002a68   0x00000078   Code   RO          550    x$fpl$dleqf         fz_ws.l(dleqf.o)(fz_ws.l)
    0x08002ae0   0x00000154   Code   RO          428    x$fpl$dmul          fz_ws.l(dmul.o)(fz_ws.l)
    0x08002c34   0x0000009c   Code   RO          483    x$fpl$dnaninf       fz_ws.l(dnaninf.o)(fz_ws.l)
    0x08002cd0   0x0000000c   Code   RO          485    x$fpl$dretinf       fz_ws.l(dretinf.o)(fz_ws.l)
    0x08002cdc   0x0000006c   Code   RO          487    x$fpl$drleqf        fz_ws.l(drleqf.o)(fz_ws.l)
    0x08002d48   0x00000016   Code   RO          413    x$fpl$drsb          fz_ws.l(daddsub_clz.o)(fz_ws.l)
    0x08002d5e   0x00000002   PAD
    0x08002d60   0x000001cc   Code   RO          552    x$fpl$dsqrt         fz_ws.l(dsqrt_noumaal.o)(fz_ws.l)
    0x08002f2c   0x000001d4   Code   RO          414    x$fpl$dsub          fz_ws.l(daddsub_clz.o)(fz_ws.l)
    0x08003100   0x000000c4   Code   RO          430    x$fpl$fadd          fz_ws.l(faddsub_clz.o)(fz_ws.l)
    0x080031c4   0x00000184   Code   RO          437    x$fpl$fdiv          fz_ws.l(fdiv.o)(fz_ws.l)
    0x08003348   0x0000003e   Code   RO          440    x$fpl$ffixu         fz_ws.l(ffixu.o)(fz_ws.l)
    0x08003386   0x00000002   PAD
    0x08003388   0x00000026   Code   RO          444    x$fpl$ffltu         fz_ws.l(fflt_clz.o)(fz_ws.l)
    0x080033ae   0x00000002   PAD
    0x080033b0   0x00000102   Code   RO          450    x$fpl$fmul          fz_ws.l(fmul.o)(fz_ws.l)
    0x080034b2   0x0000008c   Code   RO          489    x$fpl$fnaninf       fz_ws.l(fnaninf.o)(fz_ws.l)
    0x0800353e   0x0000000e   Code   RO          627    x$fpl$fpinit        fz_ws.l(fpinit.o)(fz_ws.l)
    0x0800354c   0x0000000a   Code   RO          491    x$fpl$fretinf       fz_ws.l(fretinf.o)(fz_ws.l)
    0x08003556   0x00000014   Code   RO          431    x$fpl$frsb          fz_ws.l(faddsub_clz.o)(fz_ws.l)
    0x0800356a   0x00000002   PAD
    0x0800356c   0x000000ea   Code   RO          432    x$fpl$fsub          fz_ws.l(faddsub_clz.o)(fz_ws.l)
    0x08003656   0x00000064   Code   RO          580    x$fpl$retnan        fz_ws.l(retnan.o)(fz_ws.l)
    0x080036ba   0x00000060   Code   RO          496    x$fpl$scalbn        fz_ws.l(scalbn.o)(fz_ws.l)
    0x0800371a   0x00000030   Code   RO          629    x$fpl$trapveneer    fz_ws.l(trapv.o)(fz_ws.l)
    0x0800374a   0x00000000   Code   RO          501    x$fpl$usenofp       fz_ws.l(usenofp.o)(fz_ws.l)
    0x0800374a   0x00000013   Data   RO          159    .constdata          xmodem.o
    0x0800375d   0x00000003   PAD
    0x08003760   0x000000a8   Data   RO          272    .constdata          vshell_list.o
    0x08003808   0x00000088   Data   RO          454    .constdata          m_ws.l(pow.o)(m_ws.l)
    0x08003890   0x00000008   Data   RO          508    .constdata          m_ws.l(qnan.o)(m_ws.l)
    0x08003898   0x000001cc   Data   RO          273    .conststring        vshell_list.o
    0x08003a64   0x00000020   Data   RO          704    Region$$Table       anon$$obj.o
    0x08003a84   0x00000110   Data   RO          566    locale$$data        c_w.l(lc_ctype_c.o)(c_w.l)


    Execution Region RW_IRAM1 (Base: 0x20000000, Size: 0x00001f68, Max: 0x00004000, ABSOLUTE)

    Base Addr    Size         Type   Attr      Idx    E Section Name        Object

    0x20000000   0x00000004   Data   RW          109    .data               bsp_systick.o
    0x20000004   0x00000004   Data   RW          123    .data               bsp_usart1.o
    0x20000008   0x0000008c   Data   RW          160    .data               xmodem.o
    0x20000094   0x00000004   Data   RW          212    .data               vshell.o
    0x20000098   0x00000800   Zero   RW           91    .bss                bsp_flash.o
    0x20000898   0x00000800   Zero   RW          142    .bss                iap.o
    0x20001098   0x00000800   Zero   RW          158    .bss                xmodem.o
    0x20001898   0x0000006c   Zero   RW          211    .bss                vshell.o
    0x20001904   0x00000060   Zero   RW          555    .bss                c_w.l(libspace.o)(c_w.l)
    0x20001964   0x00000004   PAD
    0x20001968   0x00000200   Zero   RW           18    HEAP                startup_stm32f10x_hd.o
    0x20001b68   0x00000400   Zero   RW           17    STACK               startup_stm32f10x_hd.o


==============================================================================

Image component sizes


      Code (inc. data)   RO Data    RW Data    ZI Data      Debug   Object Name

        92          8          0          0          0          0   bsp.o
       736         22          0          0       2048          0   bsp_flash.o
       192          8          0          4          0          0   bsp_systick.o
       268         34          0          4          0          0   bsp_usart1.o
       432         80          0          0          0          0   cmd_boot.o
       152         58          0          0          0          0   cmd_help.o
        60         26          0          0          0          0   cmd_version.o
       560        262          0          0          0          0   cmd_xmodem.o
         0          0          0          0          0          0   core_cm3.o
       232         34          0          0       2048          0   iap.o
        30          0          0          0          0          0   main.o
        56         22        304          0       1536          0   startup_stm32f10x_hd.o
       612         56          0          0          0          0   system_stm32f10x.o
       492        192          0          4        108          0   vshell.o
       150          0          0          0          0          0   vshell_io.o
         0          0        628          0          0          0   vshell_list.o
       668         12         19        140       2048          0   xmodem.o
        92         12          0          0          0          0   xmodem_bsp.o
        34          0          0          0          0          0   xmodem_io.o

    ----------------------------------------------------------------------
      4864        826        986        152       7788          0   Object Totals
         0          0         32          0          0          0   (incl. Generated)
         6          0          3          0          0          2   (incl. Padding)

    ----------------------------------------------------------------------

      Code (inc. data)   RO Data    RW Data    ZI Data      Debug   Library Member Name

         8          0          0          0          0          0   __main.o
       286          0          0          0          0          0   __printf_wp.o
        52          8          0          0          0          0   __scatter.o
        26          0          0          0          0          0   __scatter_copy.o
        28          0          0          0          0          0   __scatter_zi.o
        44          0          0          0          0          0   _printf_char.o
        48          6          0          0          0          0   _printf_char_common.o
        36          4          0          0          0          0   _printf_char_file.o
         6          0          0          0          0          0   _printf_d.o
       116         18          0          0          0          0   _printf_dec.o
       180          0          0          0          0          0   _printf_intcommon.o
        80          0          0          0          0          0   _printf_pad.o
         0          0          0          0          0          0   _printf_percent.o
         4          0          0          0          0          0   _printf_percent_end.o
         6          0          0          0          0          0   _printf_s.o
        82          0          0          0          0          0   _printf_str.o
        22          0          0          0          0          0   _rserrno.o
        12          0          0          0          0          0   exit.o
         8          0          0          0          0          0   ferror.o
         6          0          0          0          0          0   heapauxi.o
        44         10        272          0          0          0   lc_ctype_c.o
         6          0          0          0          0          0   libinit.o
        20          0          0          0          0          0   libinit2.o
         2          0          0          0          0          0   libshutdown.o
         2          0          0          0          0          0   libshutdown2.o
         8          4          0          0         96          0   libspace.o
        24          4          0          0          0          0   noretval__2printf.o
        16          4          0          0          0          0   rt_ctype_table.o
        12          4          0          0          0          0   rt_errno_addr_intlibspace.o
        12          4          0          0          0          0   rt_fp_status_addr_intlibspace.o
        12          4          0          0          0          0   rt_locale_intlibspace.o
         0          0          0          0          0          0   rtentry.o
        12          0          0          0          0          0   rtentry2.o
         6          0          0          0          0          0   rtentry4.o
         2          0          0          0          0          0   rtexit.o
        10          0          0          0          0          0   rtexit2.o
        16          0          0          0          0          0   rtudiv10.o
        42          0          0          0          0          0   strcasecmp.o
       128          0          0          0          0          0   strcmpv7m.o
        62          0          0          0          0          0   strlen.o
        28          0          0          0          0          0   strspn.o
        74          0          0          0          0          0   sys_stackheap_outer.o
        26          0          0          0          0          0   tolower.o
         2          0          0          0          0          0   use_no_semi.o
         2          0          0          0          0          0   use_no_semi_2.o
       822         16          0          0          0          0   daddsub_clz.o
        16          4          0          0          0          0   dcheck1.o
        24          0          0          0          0          0   dcmpi.o
       688        140          0          0          0          0   ddiv.o
        90          4          0          0          0          0   dfixu.o
        84          0          0          0          0          0   dflt_clz.o
       120          4          0          0          0          0   dleqf.o
       340         12          0          0          0          0   dmul.o
       156          4          0          0          0          0   dnaninf.o
        12          0          0          0          0          0   dretinf.o
       108          0          0          0          0          0   drleqf.o
       460         56          0          0          0          0   dsqrt_noumaal.o
       450          8          0          0          0          0   faddsub_clz.o
       388         76          0          0          0          0   fdiv.o
        62          4          0          0          0          0   ffixu.o
        38          0          0          0          0          0   fflt_clz.o
       258          4          0          0          0          0   fmul.o
       140          4          0          0          0          0   fnaninf.o
        14          0          0          0          0          0   fpinit.o
        10          0          0          0          0          0   fretinf.o
       100          0          0          0          0          0   retnan.o
        96          0          0          0          0          0   scalbn.o
        48          0          0          0          0          0   trapv.o
         0          0          0          0          0          0   usenofp.o
        16          6          0          0          0          0   dunder.o
        40          0          0          0          0          0   fpclassify.o
       170          0          0          0          0          0   poly.o
      2520        190        136          0          0          0   pow.o
         0          0          8          0          0          0   qnan.o
        74          0          0          0          0          0   sqrt.o

    ----------------------------------------------------------------------
      8986        602        416          0        100          0   Library Totals
        24          0          0          0          4          0   (incl. Padding)

    ----------------------------------------------------------------------

      Code (inc. data)   RO Data    RW Data    ZI Data      Debug   Library Name

      1618         70        272          0         96       2376   c_w.l
      4524        336          0          0          0       2480   fz_ws.l
      2820        196        144          0          0        664   m_ws.l

    ----------------------------------------------------------------------
      8986        602        416          0        100          0   Library Totals

    ----------------------------------------------------------------------

==============================================================================


      Code (inc. data)   RO Data    RW Data    ZI Data      Debug   

     13850       1428       1402        152       7888     236216   Grand Totals
     13850       1428       1402        152       7888     236216   ELF Image Totals
     13850       1428       1402        152          0          0   ROM Totals

==============================================================================

    Total RO  Size (Code + RO Data)                15252 (  14.89kB)
    Total RW  Size (RW Data + ZI Data)              8040 (   7.85kB)
    Total ROM Size (Code + RO Data + RW Data)      15404 (  15.04kB)

==============================================================================

